Created configs/paired_ablation_eval_r060/wo_dp_evalseed7001.yaml, seed=7001
Created configs/paired_ablation_eval_r060/wo_mobility_evalseed7001.yaml, seed=7001
Created configs/paired_ablation_eval_r060/full_evalseed7002.yaml, seed=7002
Created configs/paired_ablation_eval_r060/full_evalseed7001.yaml, seed=7001

==================================================
Method:          wo_dp
Evaluation seed: 7001
Episodes:        10
Output:          outputs/msn_final/paired_ablation_r060_30/wo_dp_evalseed7001_n10.csv
Start:           2026年 07月 31日 星期五 17:10:02 CST
==================================================


==================================================
==================================================
Method:          full
Method:          wo_mobility
Evaluation seed: 7002
Evaluation seed: 7001
Episodes:        10
Episodes:        10
Output:          outputs/msn_final/paired_ablation_r060_30/full_evalseed7002_n10.csv
Output:          outputs/msn_final/paired_ablation_r060_30/wo_mobility_evalseed7001_n10.csv

==================================================
Method:          full
Evaluation seed: 7001
Episodes:        10
Output:          outputs/msn_final/paired_ablation_r060_30/full_evalseed7001_n10.csv
Start:           2026年 07月 31日 星期五 17:10:02 CST
Start:           2026年 07月 31日 星期五 17:10:02 CST
==================================================
==================================================
Start:           2026年 07月 31日 星期五 17:10:02 CST
==================================================
Finished: method=wo_dp seed=7001 time=2026年 07月 31日 星期五 17:10:28 CST
Created configs/paired_ablation_eval_r060/wo_mobility_evalseed7002.yaml, seed=7002

==================================================
Method:          wo_mobility
Evaluation seed: 7002
Episodes:        10
Output:          outputs/msn_final/paired_ablation_r060_30/wo_mobility_evalseed7002_n10.csv
Start:           2026年 07月 31日 星期五 17:10:28 CST
==================================================
Finished: method=wo_mobility seed=7001 time=2026年 07月 31日 星期五 17:10:31 CST
Finished: method=full seed=7002 time=2026年 07月 31日 星期五 17:10:31 CST
Created configs/paired_ablation_eval_r060/wo_dp_evalseed7002.yaml, seed=7002

==================================================
Method:          wo_dp
Evaluation seed: 7002
Episodes:        10
Output:          outputs/msn_final/paired_ablation_r060_30/wo_dp_evalseed7002_n10.csv
Start:           2026年 07月 31日 星期五 17:10:31 CST
==================================================
Created configs/paired_ablation_eval_r060/full_evalseed7003.yaml, seed=7003

==================================================
Method:          full
Evaluation seed: 7003
Episodes:        10
Output:          outputs/msn_final/paired_ablation_r060_30/full_evalseed7003_n10.csv
Start:           2026年 07月 31日 星期五 17:10:31 CST
==================================================
Finished: method=full seed=7001 time=2026年 07月 31日 星期五 17:10:34 CST
Created configs/paired_ablation_eval_r060/wo_mobility_evalseed7003.yaml, seed=7003

==================================================
Method:          wo_mobility
Evaluation seed: 7003
Episodes:        10
Output:          outputs/msn_final/paired_ablation_r060_30/wo_mobility_evalseed7003_n10.csv
Start:           2026年 07月 31日 星期五 17:10:34 CST
==================================================
Finished: method=wo_mobility seed=7002 time=2026年 07月 31日 星期五 17:10:57 CST
Created configs/paired_ablation_eval_r060/wo_dp_evalseed7003.yaml, seed=7003

==================================================
Method:          wo_dp
Evaluation seed: 7003
Episodes:        10
Output:          outputs/msn_final/paired_ablation_r060_30/wo_dp_evalseed7003_n10.csv
Start:           2026年 07月 31日 星期五 17:10:57 CST
==================================================
Finished: method=wo_dp seed=7002 time=2026年 07月 31日 星期五 17:10:58 CST
Finished: method=full seed=7003 time=2026年 07月 31日 星期五 17:11:01 CST
Finished: method=wo_mobility seed=7003 time=2026年 07月 31日 星期五 17:11:03 CST
Finished: method=wo_dp seed=7003 time=2026年 07月 31日 星期五 17:11:25 CST

All paired ablation runs completed
