==========================================
Stage 1: mobility method comparison
Started: 2026年 07月 29日 星期三 22:30:29 CST
==========================================

==========================================
Method:   node_dp
Mobility: stationary
Rate:     0.40
Started:  2026年 07月 29日 星期三 22:30:29 CST
==========================================
Starting dynamic mobility test: method=node_dp, mode=stationary, policy=keep, prediction_error=0.1, rate=0.4, episodes=100
episode=   1/100 elapsed=     1.0s slo=0.4167 handover=0.00
episode=  10/100 elapsed=     9.1s slo=0.5000 handover=0.00
episode=  20/100 elapsed=    18.5s slo=0.4833 handover=0.00
episode=  30/100 elapsed=    27.8s slo=0.5333 handover=0.00
episode=  40/100 elapsed=    36.5s slo=0.4667 handover=0.00
episode=  50/100 elapsed=    45.7s slo=0.5333 handover=0.00
episode=  60/100 elapsed=    53.3s slo=0.4750 handover=0.00
episode=  70/100 elapsed=    62.3s slo=0.5333 handover=0.00
episode=  80/100 elapsed=    71.6s slo=0.5583 handover=0.00
episode=  90/100 elapsed=    80.0s slo=0.4917 handover=0.00
episode= 100/100 elapsed=    91.3s slo=0.5500 handover=0.00
      avg_e2e_ms  p95_e2e_ms  slo_satisfaction  throughput_rps  goodput_rps  handover_events  handover_slo_satisfaction  migration_mb  migration_ms  mean_batch_size
mean   3425.2518   6844.3297            0.5125          0.4221       0.2143              0.0                        NaN           0.0           0.0           1.3425
std    1811.7939   4097.7722            0.1940          0.1098       0.1004              0.0                        NaN           0.0           0.0           0.3238
Saved outputs/dynamic_mobility_methods/node_dp_stationary_r040_100.csv

==========================================
Method:   node_dp
Mobility: walking
Rate:     0.40
Started:  2026年 07月 29日 星期三 22:32:07 CST
==========================================
Starting dynamic mobility test: method=node_dp, mode=walking, policy=keep, prediction_error=0.1, rate=0.4, episodes=100
episode=   1/100 elapsed=     1.0s slo=0.4167 handover=0.00
episode=  10/100 elapsed=     9.0s slo=0.5000 handover=0.00
episode=  20/100 elapsed=    18.6s slo=0.4833 handover=0.00
episode=  30/100 elapsed=    27.9s slo=0.5333 handover=0.10
episode=  40/100 elapsed=    36.6s slo=0.4667 handover=0.00
episode=  50/100 elapsed=    45.7s slo=0.5333 handover=0.00
episode=  60/100 elapsed=    53.3s slo=0.4750 handover=0.00
episode=  70/100 elapsed=    62.1s slo=0.5333 handover=0.00
episode=  80/100 elapsed=    71.3s slo=0.5583 handover=0.00
episode=  90/100 elapsed=    79.6s slo=0.4917 handover=0.00
episode= 100/100 elapsed=    90.7s slo=0.5500 handover=0.00
      avg_e2e_ms  p95_e2e_ms  slo_satisfaction  throughput_rps  goodput_rps  handover_events  handover_slo_satisfaction  migration_mb  migration_ms  mean_batch_size
mean   3425.2881   6844.4752            0.5125          0.4221       0.2143             0.01                        1.0           0.0           0.0           1.3425
std    1811.9325   4098.3046            0.1940          0.1098       0.1004             0.10                        NaN           0.0           0.0           0.3238
Saved outputs/dynamic_mobility_methods/node_dp_walking_r040_100.csv

==========================================
Method:   node_dp
Mobility: driving
Rate:     0.40
Started:  2026年 07月 29日 星期三 22:33:44 CST
==========================================
Starting dynamic mobility test: method=node_dp, mode=driving, policy=keep, prediction_error=0.1, rate=0.4, episodes=100
episode=   1/100 elapsed=     1.0s slo=0.4167 handover=0.00
episode=  10/100 elapsed=     9.2s slo=0.5000 handover=0.00
episode=  20/100 elapsed=    18.8s slo=0.4833 handover=0.30
episode=  30/100 elapsed=    28.2s slo=0.5250 handover=0.40
episode=  40/100 elapsed=    37.1s slo=0.4667 handover=0.20
episode=  50/100 elapsed=    46.3s slo=0.5333 handover=0.30
episode=  60/100 elapsed=    54.0s slo=0.4750 handover=0.10
episode=  70/100 elapsed=    63.1s slo=0.5333 handover=0.10
episode=  80/100 elapsed=    72.6s slo=0.5583 handover=0.10
episode=  90/100 elapsed=    81.1s slo=0.4917 handover=0.20
episode= 100/100 elapsed=    93.7s slo=0.5500 handover=0.30
      avg_e2e_ms  p95_e2e_ms  slo_satisfaction  throughput_rps  goodput_rps  handover_events  handover_slo_satisfaction  migration_mb  migration_ms  mean_batch_size
mean   3428.4283   6865.2502            0.5117          0.4220       0.2140           0.2000                     0.5588           0.0           0.0           1.3425
std    1820.7869   4172.2762            0.1950          0.1097       0.1007           0.4714                     0.4638           0.0           0.0           0.3238
Saved outputs/dynamic_mobility_methods/node_dp_driving_r040_100.csv

==========================================
Method:   node_dp
Mobility: high_speed
Rate:     0.40
Started:  2026年 07月 29日 星期三 22:35:24 CST
==========================================
Starting dynamic mobility test: method=node_dp, mode=high_speed, policy=keep, prediction_error=0.1, rate=0.4, episodes=100
episode=   1/100 elapsed=     1.0s slo=0.4167 handover=1.00
episode=  10/100 elapsed=     9.0s slo=0.5000 handover=1.40
episode=  20/100 elapsed=    18.5s slo=0.4833 handover=1.40
episode=  30/100 elapsed=    27.8s slo=0.5250 handover=2.20
episode=  40/100 elapsed=    36.5s slo=0.4667 handover=2.20
episode=  50/100 elapsed=    45.6s slo=0.5333 handover=1.30
episode=  60/100 elapsed=    53.2s slo=0.4750 handover=1.70
episode=  70/100 elapsed=    62.1s slo=0.5333 handover=0.90
episode=  80/100 elapsed=    71.1s slo=0.5583 handover=1.10
episode=  90/100 elapsed=    79.5s slo=0.4917 handover=1.90
episode= 100/100 elapsed=    92.1s slo=0.5500 handover=2.30
      avg_e2e_ms  p95_e2e_ms  slo_satisfaction  throughput_rps  goodput_rps  handover_events  handover_slo_satisfaction  migration_mb  migration_ms  mean_batch_size
mean   3435.2250   6876.0739            0.5117          0.4221       0.2141           1.6400                     0.4632           0.0           0.0           1.3425
std    1828.0106   4178.3402            0.1950          0.1099       0.1007           2.1905                     0.3859           0.0           0.0           0.3238
Saved outputs/dynamic_mobility_methods/node_dp_high_speed_r040_100.csv

==========================================
Method:   lecu_rba
Mobility: stationary
Rate:     0.40
Started:  2026年 07月 29日 星期三 22:37:03 CST
==========================================
Starting dynamic mobility test: method=lecu_rba, mode=stationary, policy=keep, prediction_error=0.1, rate=0.4, episodes=100
episode=   1/100 elapsed=     1.2s slo=0.2500 handover=0.00
episode=  10/100 elapsed=     9.6s slo=0.3500 handover=0.00
episode=  20/100 elapsed=    20.6s slo=0.3667 handover=0.00
episode=  30/100 elapsed=    29.8s slo=0.4000 handover=0.00
episode=  40/100 elapsed=    38.7s slo=0.1583 handover=0.00
episode=  50/100 elapsed=    48.2s slo=0.2000 handover=0.00
episode=  60/100 elapsed=    56.4s slo=0.2417 handover=0.00
episode=  70/100 elapsed=    66.1s slo=0.3083 handover=0.00
episode=  80/100 elapsed=    75.7s slo=0.4167 handover=0.00
episode=  90/100 elapsed=    85.2s slo=0.2917 handover=0.00
episode= 100/100 elapsed=    98.3s slo=0.3167 handover=0.00
      avg_e2e_ms  p95_e2e_ms  slo_satisfaction  throughput_rps  goodput_rps  handover_events  handover_slo_satisfaction  migration_mb  migration_ms  mean_batch_size
mean   5978.0212  11825.6247            0.3050          0.3697       0.1182              0.0                        NaN           0.0           0.0           1.5691
std    4200.5933   9670.9740            0.2297          0.1040       0.0980              0.0                        NaN           0.0           0.0           0.4727
Saved outputs/dynamic_mobility_methods/lecu_rba_stationary_r040_100.csv

==========================================
Method:   lecu_rba
Mobility: walking
Rate:     0.40
Started:  2026年 07月 29日 星期三 22:38:47 CST
==========================================
Starting dynamic mobility test: method=lecu_rba, mode=walking, policy=keep, prediction_error=0.1, rate=0.4, episodes=100
episode=   1/100 elapsed=     1.2s slo=0.2500 handover=0.00
episode=  10/100 elapsed=     9.3s slo=0.3500 handover=0.00
episode=  20/100 elapsed=    20.1s slo=0.3667 handover=0.20
episode=  30/100 elapsed=    29.3s slo=0.4000 handover=0.40
episode=  40/100 elapsed=    38.0s slo=0.1583 handover=0.10
episode=  50/100 elapsed=    47.2s slo=0.2000 handover=0.20
episode=  60/100 elapsed=    55.2s slo=0.2417 handover=0.20
episode=  70/100 elapsed=    64.6s slo=0.3083 handover=0.00
episode=  80/100 elapsed=    74.2s slo=0.4167 handover=0.00
episode=  90/100 elapsed=    83.6s slo=0.2917 handover=0.10
episode= 100/100 elapsed=    96.7s slo=0.3167 handover=0.00
      avg_e2e_ms  p95_e2e_ms  slo_satisfaction  throughput_rps  goodput_rps  handover_events  handover_slo_satisfaction  migration_mb  migration_ms  mean_batch_size
mean   5981.3775  11845.2158            0.3050          0.3697       0.1182            0.120                     0.2333           0.0           0.0           1.5691
std    4215.6028   9761.2742            0.2297          0.1041       0.0980            0.409                     0.4172           0.0           0.0           0.4727
Saved outputs/dynamic_mobility_methods/lecu_rba_walking_r040_100.csv

==========================================
Method:   lecu_rba
Mobility: driving
Rate:     0.40
Started:  2026年 07月 29日 星期三 22:40:30 CST
==========================================
Starting dynamic mobility test: method=lecu_rba, mode=driving, policy=keep, prediction_error=0.1, rate=0.4, episodes=100
episode=   1/100 elapsed=     1.2s slo=0.2500 handover=0.00
episode=  10/100 elapsed=     9.4s slo=0.3500 handover=0.50
episode=  20/100 elapsed=    20.3s slo=0.3667 handover=0.40
episode=  30/100 elapsed=    29.6s slo=0.4000 handover=0.80
episode=  40/100 elapsed=    38.4s slo=0.1583 handover=1.00
episode=  50/100 elapsed=    47.7s slo=0.2000 handover=0.90
episode=  60/100 elapsed=    55.8s slo=0.2417 handover=1.50
episode=  70/100 elapsed=    65.3s slo=0.3083 handover=0.20
episode=  80/100 elapsed=    74.9s slo=0.4167 handover=0.10
episode=  90/100 elapsed=    84.5s slo=0.2917 handover=1.00
episode= 100/100 elapsed=    97.7s slo=0.3167 handover=0.70
      avg_e2e_ms  p95_e2e_ms  slo_satisfaction  throughput_rps  goodput_rps  handover_events  handover_slo_satisfaction  migration_mb  migration_ms  mean_batch_size
mean   5983.8885  11850.9589            0.3050          0.3696       0.1182           0.7100                     0.1720           0.0           0.0           1.5691
std    4217.3981   9760.8364            0.2297          0.1041       0.0980           1.4305                     0.3714           0.0           0.0           0.4727
Saved outputs/dynamic_mobility_methods/lecu_rba_driving_r040_100.csv

==========================================
Method:   lecu_rba
Mobility: high_speed
Rate:     0.40
Started:  2026年 07月 29日 星期三 22:42:14 CST
==========================================
Starting dynamic mobility test: method=lecu_rba, mode=high_speed, policy=keep, prediction_error=0.1, rate=0.4, episodes=100
episode=   1/100 elapsed=     1.2s slo=0.2500 handover=1.00
episode=  10/100 elapsed=     9.3s slo=0.3500 handover=3.00
episode=  20/100 elapsed=    20.2s slo=0.3667 handover=2.60
episode=  30/100 elapsed=    29.4s slo=0.4000 handover=4.20
episode=  40/100 elapsed=    38.1s slo=0.1583 handover=5.30
episode=  50/100 elapsed=    47.3s slo=0.2000 handover=3.80
episode=  60/100 elapsed=    55.5s slo=0.2417 handover=4.50
episode=  70/100 elapsed=    64.8s slo=0.3083 handover=4.30
episode=  80/100 elapsed=    74.4s slo=0.4167 handover=1.70
episode=  90/100 elapsed=    83.8s slo=0.2917 handover=4.40
episode= 100/100 elapsed=    97.0s slo=0.3167 handover=4.30
      avg_e2e_ms  p95_e2e_ms  slo_satisfaction  throughput_rps  goodput_rps  handover_events  handover_slo_satisfaction  migration_mb  migration_ms  mean_batch_size
mean   5980.5166  11877.8007            0.3050          0.3695       0.1182           3.8100                     0.2257           0.0           0.0           1.5631
std    4203.6275   9807.5424            0.2297          0.1043       0.0980           3.7462                     0.3245           0.0           0.0           0.4579
Saved outputs/dynamic_mobility_methods/lecu_rba_high_speed_r040_100.csv

==========================================
Method:   dybap_adapted
Mobility: stationary
Rate:     0.40
Started:  2026年 07月 29日 星期三 22:43:57 CST
==========================================
Starting dynamic mobility test: method=dybap_adapted, mode=stationary, policy=keep, prediction_error=0.1, rate=0.4, episodes=100
episode=   1/100 elapsed=     1.5s slo=0.4167 handover=0.00
episode=  10/100 elapsed=    14.7s slo=0.4333 handover=0.00
episode=  20/100 elapsed=    29.0s slo=0.4417 handover=0.00
episode=  30/100 elapsed=    43.5s slo=0.4000 handover=0.00
episode=  40/100 elapsed=    57.1s slo=0.3667 handover=0.00
episode=  50/100 elapsed=    71.4s slo=0.5500 handover=0.00
episode=  60/100 elapsed=    85.1s slo=0.3750 handover=0.00
episode=  70/100 elapsed=    99.5s slo=0.4833 handover=0.00
episode=  80/100 elapsed=   113.8s slo=0.4417 handover=0.00
episode=  90/100 elapsed=   127.9s slo=0.4583 handover=0.00
episode= 100/100 elapsed=   142.3s slo=0.3750 handover=0.00
      avg_e2e_ms  p95_e2e_ms  slo_satisfaction  throughput_rps  goodput_rps  handover_events  handover_slo_satisfaction  migration_mb  migration_ms  mean_batch_size
mean   5879.7397  10339.1270            0.4325          0.3866       0.1777              0.0                        NaN           0.0           0.0           1.1973
std    7165.4847  10002.3297            0.2586          0.1151       0.1315              0.0                        NaN           0.0           0.0           0.2636
Saved outputs/dynamic_mobility_methods/dybap_adapted_stationary_r040_100.csv

==========================================
Method:   dybap_adapted
Mobility: walking
Rate:     0.40
Started:  2026年 07月 29日 星期三 22:46:25 CST
==========================================
Starting dynamic mobility test: method=dybap_adapted, mode=walking, policy=keep, prediction_error=0.1, rate=0.4, episodes=100
episode=   1/100 elapsed=     1.6s slo=0.4167 handover=0.00
episode=  10/100 elapsed=    14.7s slo=0.3250 handover=0.00
episode=  20/100 elapsed=    29.7s slo=0.3750 handover=0.00
episode=  30/100 elapsed=    44.2s slo=0.3333 handover=0.40
episode=  40/100 elapsed=    58.4s slo=0.3667 handover=0.00
episode=  50/100 elapsed=    72.8s slo=0.5333 handover=0.00
episode=  60/100 elapsed=    86.8s slo=0.3583 handover=0.00
episode=  70/100 elapsed=   100.7s slo=0.4000 handover=0.20
episode=  80/100 elapsed=   115.2s slo=0.4750 handover=0.00
episode=  90/100 elapsed=   129.1s slo=0.3500 handover=0.20
episode= 100/100 elapsed=   143.3s slo=0.3583 handover=0.20
      avg_e2e_ms  p95_e2e_ms  slo_satisfaction  throughput_rps  goodput_rps  handover_events  handover_slo_satisfaction  migration_mb  migration_ms  mean_batch_size
mean   6254.0007  11396.8217            0.3875          0.3777       0.1571           0.1000                        0.0           0.0           0.0           1.2146
std    6658.1376   9832.4498            0.2443          0.1150       0.1233           0.4144                        0.0           0.0           0.0           0.2887
Saved outputs/dynamic_mobility_methods/dybap_adapted_walking_r040_100.csv

==========================================
Method:   dybap_adapted
Mobility: driving
Rate:     0.40
Started:  2026年 07月 29日 星期三 22:48:54 CST
==========================================
Starting dynamic mobility test: method=dybap_adapted, mode=driving, policy=keep, prediction_error=0.1, rate=0.4, episodes=100
episode=   1/100 elapsed=     1.6s slo=0.4167 handover=0.00
episode=  10/100 elapsed=    14.6s slo=0.3250 handover=0.20
episode=  20/100 elapsed=    29.4s slo=0.3750 handover=0.50
episode=  30/100 elapsed=    43.8s slo=0.3333 handover=1.00
episode=  40/100 elapsed=    57.9s slo=0.3667 handover=0.50
episode=  50/100 elapsed=    72.1s slo=0.5333 handover=0.40
episode=  60/100 elapsed=    85.8s slo=0.3667 handover=0.70
episode=  70/100 elapsed=    99.7s slo=0.4000 handover=0.30
episode=  80/100 elapsed=   114.3s slo=0.4667 handover=0.30
episode=  90/100 elapsed=   128.3s slo=0.3500 handover=1.10
episode= 100/100 elapsed=   142.5s slo=0.3583 handover=1.20
      avg_e2e_ms  p95_e2e_ms  slo_satisfaction  throughput_rps  goodput_rps  handover_events  handover_slo_satisfaction  migration_mb  migration_ms  mean_batch_size
mean   6384.5019  11550.2088            0.3875          0.3775       0.1572           0.6200                     0.2222           0.0           0.0           1.2163
std    7338.2607  10577.5655            0.2434          0.1157       0.1229           1.1788                     0.3824           0.0           0.0           0.2899
Saved outputs/dynamic_mobility_methods/dybap_adapted_driving_r040_100.csv

==========================================
Method:   dybap_adapted
Mobility: high_speed
Rate:     0.40
Started:  2026年 07月 29日 星期三 22:51:23 CST
==========================================
Starting dynamic mobility test: method=dybap_adapted, mode=high_speed, policy=keep, prediction_error=0.1, rate=0.4, episodes=100
episode=   1/100 elapsed=     1.6s slo=0.4167 handover=1.00
episode=  10/100 elapsed=    14.4s slo=0.3250 handover=2.70
episode=  20/100 elapsed=    29.2s slo=0.3583 handover=2.70
episode=  30/100 elapsed=    43.5s slo=0.3333 handover=3.10
episode=  40/100 elapsed=    57.6s slo=0.3667 handover=3.10
episode=  50/100 elapsed=    72.0s slo=0.5333 handover=2.00
episode=  60/100 elapsed=    86.0s slo=0.3583 handover=2.90
episode=  70/100 elapsed=   100.1s slo=0.4083 handover=2.00
episode=  80/100 elapsed=   114.7s slo=0.4667 handover=2.20
episode=  90/100 elapsed=   128.9s slo=0.3500 handover=3.10
episode= 100/100 elapsed=   143.2s slo=0.3583 handover=4.40
      avg_e2e_ms  p95_e2e_ms  slo_satisfaction  throughput_rps  goodput_rps  handover_events  handover_slo_satisfaction  migration_mb  migration_ms  mean_batch_size
mean   6296.8564  11532.0472            0.3858          0.3766       0.1557           2.8200                     0.2675           0.0           0.0           1.2215
std    6655.0819   9864.2323            0.2424          0.1139       0.1219           3.0231                     0.3467           0.0           0.0           0.2882
Saved outputs/dynamic_mobility_methods/dybap_adapted_high_speed_r040_100.csv

==========================================
Method:   full
Mobility: stationary
Rate:     0.40
Started:  2026年 07月 29日 星期三 22:53:52 CST
==========================================
Starting dynamic mobility test: method=full, mode=stationary, policy=keep, prediction_error=0.1, rate=0.4, episodes=100
episode=   1/100 elapsed=     2.6s slo=0.9167 handover=0.00
episode=  10/100 elapsed=    21.5s slo=0.6250 handover=0.00
episode=  20/100 elapsed=    42.8s slo=0.5167 handover=0.00
episode=  30/100 elapsed=    64.4s slo=0.5167 handover=0.00
episode=  40/100 elapsed=    85.2s slo=0.5083 handover=0.00
episode=  50/100 elapsed=   107.8s slo=0.6667 handover=0.00
episode=  60/100 elapsed=   128.0s slo=0.5083 handover=0.00
episode=  70/100 elapsed=   151.1s slo=0.6250 handover=0.00
episode=  80/100 elapsed=   173.5s slo=0.6500 handover=0.00
episode=  90/100 elapsed=   193.8s slo=0.5333 handover=0.00
episode= 100/100 elapsed=   217.5s slo=0.5667 handover=0.00
      avg_e2e_ms  p95_e2e_ms  slo_satisfaction  throughput_rps  goodput_rps  handover_events  handover_slo_satisfaction  migration_mb  migration_ms  mean_batch_size
mean   3163.7085   6520.6315            0.5717          0.4258       0.2433              0.0                        NaN           0.0           0.0           1.2916
std    1933.0393   4631.0349            0.1993          0.1125       0.1088              0.0                        NaN           0.0           0.0           0.3237
Saved outputs/dynamic_mobility_methods/full_stationary_r040_100.csv

==========================================
Method:   full
Mobility: walking
Rate:     0.40
Started:  2026年 07月 29日 星期三 22:57:38 CST
==========================================
Starting dynamic mobility test: method=full, mode=walking, policy=keep, prediction_error=0.1, rate=0.4, episodes=100
episode=   1/100 elapsed=     2.5s slo=0.9167 handover=0.00
episode=  10/100 elapsed=    21.6s slo=0.6250 handover=0.00
episode=  20/100 elapsed=    43.2s slo=0.5167 handover=0.00
episode=  30/100 elapsed=    65.1s slo=0.5167 handover=0.10
episode=  40/100 elapsed=    86.0s slo=0.5083 handover=0.00
episode=  50/100 elapsed=   108.7s slo=0.6667 handover=0.00
episode=  60/100 elapsed=   128.0s slo=0.5083 handover=0.00
episode=  70/100 elapsed=   141.2s slo=0.6250 handover=0.00
episode=  80/100 elapsed=   151.8s slo=0.6500 handover=0.00
episode=  90/100 elapsed=   172.0s slo=0.5333 handover=0.00
episode= 100/100 elapsed=   195.4s slo=0.5667 handover=0.00
      avg_e2e_ms  p95_e2e_ms  slo_satisfaction  throughput_rps  goodput_rps  handover_events  handover_slo_satisfaction  migration_mb  migration_ms  mean_batch_size
mean   3163.7448   6520.7770            0.5717          0.4258       0.2433             0.01                        1.0           0.0           0.0           1.2916
std    1933.1742   4631.5162            0.1993          0.1125       0.1088             0.10                        NaN           0.0           0.0           0.3237
Saved outputs/dynamic_mobility_methods/full_walking_r040_100.csv

==========================================
Method:   full
Mobility: driving
Rate:     0.40
Started:  2026年 07月 29日 星期三 23:01:02 CST
==========================================
Starting dynamic mobility test: method=full, mode=driving, policy=keep, prediction_error=0.1, rate=0.4, episodes=100
episode=   1/100 elapsed=     2.6s slo=0.9167 handover=0.00
episode=  10/100 elapsed=    21.6s slo=0.6250 handover=0.00
episode=  20/100 elapsed=    43.1s slo=0.5167 handover=0.20
episode=  30/100 elapsed=    64.9s slo=0.5083 handover=0.40
episode=  40/100 elapsed=    85.9s slo=0.5083 handover=0.10
episode=  50/100 elapsed=   108.5s slo=0.6667 handover=0.20
episode=  60/100 elapsed=   127.8s slo=0.5083 handover=0.20
episode=  70/100 elapsed=   149.3s slo=0.6250 handover=0.10
episode=  80/100 elapsed=   171.8s slo=0.6500 handover=0.10
episode=  90/100 elapsed=   192.2s slo=0.5333 handover=0.10
episode= 100/100 elapsed=   217.7s slo=0.5667 handover=0.30
      avg_e2e_ms  p95_e2e_ms  slo_satisfaction  throughput_rps  goodput_rps  handover_events  handover_slo_satisfaction  migration_mb  migration_ms  mean_batch_size
mean   3166.5909   6540.6235            0.5708          0.4257       0.2430           0.1700                     0.4000           0.0           0.0           1.2916
std    1941.1323   4695.5995            0.2004          0.1125       0.1092           0.4277                     0.4706           0.0           0.0           0.3237
Saved outputs/dynamic_mobility_methods/full_driving_r040_100.csv

==========================================
Method:   full
Mobility: high_speed
Rate:     0.40
Started:  2026年 07月 29日 星期三 23:04:48 CST
==========================================
Starting dynamic mobility test: method=full, mode=high_speed, policy=keep, prediction_error=0.1, rate=0.4, episodes=100
episode=   1/100 elapsed=     2.6s slo=0.9167 handover=1.00
episode=  10/100 elapsed=    21.7s slo=0.6250 handover=0.70
episode=  20/100 elapsed=    43.4s slo=0.5167 handover=1.60
episode=  30/100 elapsed=    65.3s slo=0.5083 handover=2.90
episode=  40/100 elapsed=    86.4s slo=0.5083 handover=1.50
episode=  50/100 elapsed=   109.2s slo=0.6667 handover=0.70
episode=  60/100 elapsed=   128.6s slo=0.5083 handover=1.80
episode=  70/100 elapsed=   150.4s slo=0.6167 handover=0.60
episode=  80/100 elapsed=   172.9s slo=0.6500 handover=1.10
episode=  90/100 elapsed=   193.4s slo=0.5333 handover=1.60
episode= 100/100 elapsed=   218.5s slo=0.5667 handover=2.20
      avg_e2e_ms  p95_e2e_ms  slo_satisfaction  throughput_rps  goodput_rps  handover_events  handover_slo_satisfaction  migration_mb  migration_ms  mean_batch_size
mean   3168.6265   6542.3560            0.5700          0.4258       0.2427           1.4700                     0.5219           0.0           0.0           1.2916
std    1942.5819   4691.4302            0.2006          0.1126       0.1092           2.1994                     0.4252           0.0           0.0           0.3237
Saved outputs/dynamic_mobility_methods/full_high_speed_r040_100.csv

All dynamic mobility method tests completed
Finished: 2026年 07月 29日 星期三 23:08:34 CST

==========================================
Stage 2: policy and prediction error
Started: 2026年 07月 29日 星期三 23:08:34 CST
==========================================
==========================================
Full mobility-policy-error experiment
Profile:    analytical
Trace:      data/processed/azure_2024_test_sample.csv
Checkpoint: outputs/train_online_ddqn_cpu_300_analytic/agent_ep150.pt
Rate:       0.40
Episodes:   100
Started:    2026年 07月 29日 星期三 23:08:34 CST
==========================================

------------------------------------------
Mode:             driving
Policy:           keep
Prediction error: 0.0
Output:           outputs/full_mobility_policy_error/full_driving_keep_err00_r040_100.csv
Started:          2026年 07月 29日 星期三 23:08:34 CST
------------------------------------------
Starting dynamic mobility test: method=full, mode=driving, policy=keep, prediction_error=0.0, rate=0.4, episodes=100
episode=   1/100 elapsed=     2.5s slo=0.9167 handover=0.00
episode=  10/100 elapsed=    21.6s slo=0.6250 handover=0.00
episode=  20/100 elapsed=    43.2s slo=0.5167 handover=0.20
episode=  30/100 elapsed=    65.2s slo=0.5083 handover=0.40
episode=  40/100 elapsed=    86.2s slo=0.5083 handover=0.10
episode=  50/100 elapsed=   110.0s slo=0.6667 handover=0.20
episode=  60/100 elapsed=   129.3s slo=0.5083 handover=0.20
episode=  70/100 elapsed=   150.8s slo=0.6250 handover=0.10
episode=  80/100 elapsed=   173.3s slo=0.6500 handover=0.10
episode=  90/100 elapsed=   193.7s slo=0.5333 handover=0.10
episode= 100/100 elapsed=   218.7s slo=0.5667 handover=0.30
      avg_e2e_ms  p95_e2e_ms  slo_satisfaction  throughput_rps  goodput_rps  handover_events  handover_slo_satisfaction  migration_mb  migration_ms  mean_batch_size
mean   3166.5909   6540.6235            0.5708          0.4257       0.2430           0.1700                     0.4000           0.0           0.0           1.2916
std    1941.1323   4695.5995            0.2004          0.1125       0.1092           0.4277                     0.4706           0.0           0.0           0.3237
Saved outputs/full_mobility_policy_error/full_driving_keep_err00_r040_100.csv
Finished: 2026年 07月 29日 星期三 23:12:21 CST

------------------------------------------
Mode:             driving
Policy:           keep
Prediction error: 0.1
Output:           outputs/full_mobility_policy_error/full_driving_keep_err10_r040_100.csv
Started:          2026年 07月 29日 星期三 23:12:21 CST
------------------------------------------
Starting dynamic mobility test: method=full, mode=driving, policy=keep, prediction_error=0.1, rate=0.4, episodes=100
episode=   1/100 elapsed=     2.5s slo=0.9167 handover=0.00
episode=  10/100 elapsed=    21.5s slo=0.6250 handover=0.00
episode=  20/100 elapsed=    43.2s slo=0.5167 handover=0.20
episode=  30/100 elapsed=    65.2s slo=0.5083 handover=0.40
episode=  40/100 elapsed=    86.3s slo=0.5083 handover=0.10
episode=  50/100 elapsed=   108.8s slo=0.6667 handover=0.20
episode=  60/100 elapsed=   128.1s slo=0.5083 handover=0.20
episode=  70/100 elapsed=   149.6s slo=0.6250 handover=0.10
episode=  80/100 elapsed=   172.1s slo=0.6500 handover=0.10
episode=  90/100 elapsed=   192.5s slo=0.5333 handover=0.10
episode= 100/100 elapsed=   218.0s slo=0.5667 handover=0.30
      avg_e2e_ms  p95_e2e_ms  slo_satisfaction  throughput_rps  goodput_rps  handover_events  handover_slo_satisfaction  migration_mb  migration_ms  mean_batch_size
mean   3166.5909   6540.6235            0.5708          0.4257       0.2430           0.1700                     0.4000           0.0           0.0           1.2916
std    1941.1323   4695.5995            0.2004          0.1125       0.1092           0.4277                     0.4706           0.0           0.0           0.3237
Saved outputs/full_mobility_policy_error/full_driving_keep_err10_r040_100.csv
Finished: 2026年 07月 29日 星期三 23:16:07 CST

------------------------------------------
Mode:             driving
Policy:           keep
Prediction error: 0.2
Output:           outputs/full_mobility_policy_error/full_driving_keep_err20_r040_100.csv
Started:          2026年 07月 29日 星期三 23:16:07 CST
------------------------------------------
Starting dynamic mobility test: method=full, mode=driving, policy=keep, prediction_error=0.2, rate=0.4, episodes=100
episode=   1/100 elapsed=     2.6s slo=0.9167 handover=0.00
episode=  10/100 elapsed=    21.5s slo=0.6250 handover=0.00
episode=  20/100 elapsed=    43.1s slo=0.5167 handover=0.20
episode=  30/100 elapsed=    64.9s slo=0.5083 handover=0.40
episode=  40/100 elapsed=    85.9s slo=0.5083 handover=0.10
episode=  50/100 elapsed=   108.5s slo=0.6667 handover=0.20
episode=  60/100 elapsed=   127.9s slo=0.5083 handover=0.20
episode=  70/100 elapsed=   149.5s slo=0.6250 handover=0.10
episode=  80/100 elapsed=   172.1s slo=0.6500 handover=0.10
episode=  90/100 elapsed=   192.4s slo=0.5333 handover=0.10
episode= 100/100 elapsed=   217.5s slo=0.5667 handover=0.30
      avg_e2e_ms  p95_e2e_ms  slo_satisfaction  throughput_rps  goodput_rps  handover_events  handover_slo_satisfaction  migration_mb  migration_ms  mean_batch_size
mean   3166.5909   6540.6235            0.5708          0.4257       0.2430           0.1700                     0.4000           0.0           0.0           1.2916
std    1941.1323   4695.5995            0.2004          0.1125       0.1092           0.4277                     0.4706           0.0           0.0           0.3237
Saved outputs/full_mobility_policy_error/full_driving_keep_err20_r040_100.csv
Finished: 2026年 07月 29日 星期三 23:19:53 CST

------------------------------------------
Mode:             driving
Policy:           keep
Prediction error: 0.3
Output:           outputs/full_mobility_policy_error/full_driving_keep_err30_r040_100.csv
Started:          2026年 07月 29日 星期三 23:19:54 CST
------------------------------------------
Starting dynamic mobility test: method=full, mode=driving, policy=keep, prediction_error=0.3, rate=0.4, episodes=100
episode=   1/100 elapsed=     2.6s slo=0.9167 handover=0.00
episode=  10/100 elapsed=    21.5s slo=0.6250 handover=0.00
episode=  20/100 elapsed=    43.0s slo=0.5167 handover=0.20
episode=  30/100 elapsed=    64.7s slo=0.5083 handover=0.40
episode=  40/100 elapsed=    85.7s slo=0.5083 handover=0.10
episode=  50/100 elapsed=   108.4s slo=0.6667 handover=0.20
episode=  60/100 elapsed=   127.8s slo=0.5083 handover=0.20
episode=  70/100 elapsed=   149.3s slo=0.6250 handover=0.10
episode=  80/100 elapsed=   171.7s slo=0.6500 handover=0.10
episode=  90/100 elapsed=   192.1s slo=0.5333 handover=0.10
episode= 100/100 elapsed=   217.0s slo=0.5667 handover=0.30
      avg_e2e_ms  p95_e2e_ms  slo_satisfaction  throughput_rps  goodput_rps  handover_events  handover_slo_satisfaction  migration_mb  migration_ms  mean_batch_size
mean   3166.5909   6540.6235            0.5708          0.4257       0.2430           0.1700                     0.4000           0.0           0.0           1.2916
std    1941.1323   4695.5995            0.2004          0.1125       0.1092           0.4277                     0.4706           0.0           0.0           0.3237
Saved outputs/full_mobility_policy_error/full_driving_keep_err30_r040_100.csv
Finished: 2026年 07月 29日 星期三 23:23:39 CST

------------------------------------------
Mode:             driving
Policy:           reactive
Prediction error: 0.0
Output:           outputs/full_mobility_policy_error/full_driving_reactive_err00_r040_100.csv
Started:          2026年 07月 29日 星期三 23:23:39 CST
------------------------------------------
Starting dynamic mobility test: method=full, mode=driving, policy=reactive, prediction_error=0.0, rate=0.4, episodes=100
episode=   1/100 elapsed=     2.6s slo=0.9167 handover=0.00
episode=  10/100 elapsed=    21.6s slo=0.6250 handover=0.00
episode=  20/100 elapsed=    43.0s slo=0.5083 handover=0.20
episode=  30/100 elapsed=    64.7s slo=0.5083 handover=0.60
episode=  40/100 elapsed=    85.5s slo=0.5083 handover=0.10
episode=  50/100 elapsed=   108.1s slo=0.6667 handover=0.20
episode=  60/100 elapsed=   127.0s slo=0.5000 handover=0.20
episode=  70/100 elapsed=   148.5s slo=0.6250 handover=0.10
episode=  80/100 elapsed=   172.9s slo=0.6333 handover=0.10
episode=  90/100 elapsed=   193.4s slo=0.5333 handover=0.10
episode= 100/100 elapsed=   218.3s slo=0.5583 handover=0.30
      avg_e2e_ms  p95_e2e_ms  slo_satisfaction  throughput_rps  goodput_rps  handover_events  handover_slo_satisfaction  migration_mb  migration_ms  mean_batch_size
mean   3360.0092   6964.4042            0.5667          0.4224       0.2405           0.1900                     0.4111       47.2713      590.9587           1.3124
std    2472.5815   5513.3319            0.2062          0.1143       0.1120           0.5064                     0.4750      134.8037     1747.4213           0.3830
Saved outputs/full_mobility_policy_error/full_driving_reactive_err00_r040_100.csv
Finished: 2026年 07月 29日 星期三 23:27:25 CST

------------------------------------------
Mode:             driving
Policy:           reactive
Prediction error: 0.1
Output:           outputs/full_mobility_policy_error/full_driving_reactive_err10_r040_100.csv
Started:          2026年 07月 29日 星期三 23:27:25 CST
------------------------------------------
Starting dynamic mobility test: method=full, mode=driving, policy=reactive, prediction_error=0.1, rate=0.4, episodes=100
episode=   1/100 elapsed=     2.8s slo=0.9167 handover=0.00
episode=  10/100 elapsed=    21.8s slo=0.6250 handover=0.00
episode=  20/100 elapsed=    43.4s slo=0.5083 handover=0.20
episode=  30/100 elapsed=    64.9s slo=0.5083 handover=0.60
episode=  40/100 elapsed=    85.6s slo=0.5083 handover=0.10
episode=  50/100 elapsed=   108.0s slo=0.6667 handover=0.20
episode=  60/100 elapsed=   126.8s slo=0.5000 handover=0.20
episode=  70/100 elapsed=   148.2s slo=0.6250 handover=0.10
episode=  80/100 elapsed=   172.5s slo=0.6333 handover=0.10
episode=  90/100 elapsed=   193.7s slo=0.5333 handover=0.10
episode= 100/100 elapsed=   218.5s slo=0.5583 handover=0.30
      avg_e2e_ms  p95_e2e_ms  slo_satisfaction  throughput_rps  goodput_rps  handover_events  handover_slo_satisfaction  migration_mb  migration_ms  mean_batch_size
mean   3360.0092   6964.4042            0.5667          0.4224       0.2405           0.1900                     0.4111       47.2713      590.9587           1.3124
std    2472.5815   5513.3319            0.2062          0.1143       0.1120           0.5064                     0.4750      134.8037     1747.4213           0.3830
Saved outputs/full_mobility_policy_error/full_driving_reactive_err10_r040_100.csv
Finished: 2026年 07月 29日 星期三 23:31:12 CST

------------------------------------------
Mode:             driving
Policy:           reactive
Prediction error: 0.2
Output:           outputs/full_mobility_policy_error/full_driving_reactive_err20_r040_100.csv
Started:          2026年 07月 29日 星期三 23:31:12 CST
------------------------------------------
Starting dynamic mobility test: method=full, mode=driving, policy=reactive, prediction_error=0.2, rate=0.4, episodes=100
episode=   1/100 elapsed=     2.5s slo=0.9167 handover=0.00
episode=  10/100 elapsed=    21.6s slo=0.6250 handover=0.00
episode=  20/100 elapsed=    43.2s slo=0.5083 handover=0.20
episode=  30/100 elapsed=    65.0s slo=0.5083 handover=0.60
episode=  40/100 elapsed=    86.6s slo=0.5083 handover=0.10
episode=  50/100 elapsed=   112.2s slo=0.6667 handover=0.20
episode=  60/100 elapsed=   132.4s slo=0.5000 handover=0.20
episode=  70/100 elapsed=   154.5s slo=0.6250 handover=0.10
episode=  80/100 elapsed=   178.6s slo=0.6333 handover=0.10
episode=  90/100 elapsed=   198.9s slo=0.5333 handover=0.10
episode= 100/100 elapsed=   224.5s slo=0.5583 handover=0.30
      avg_e2e_ms  p95_e2e_ms  slo_satisfaction  throughput_rps  goodput_rps  handover_events  handover_slo_satisfaction  migration_mb  migration_ms  mean_batch_size
mean   3360.0092   6964.4042            0.5667          0.4224       0.2405           0.1900                     0.4111       47.2713      590.9587           1.3124
std    2472.5815   5513.3319            0.2062          0.1143       0.1120           0.5064                     0.4750      134.8037     1747.4213           0.3830
Saved outputs/full_mobility_policy_error/full_driving_reactive_err20_r040_100.csv
Finished: 2026年 07月 29日 星期三 23:35:05 CST

------------------------------------------
Mode:             driving
Policy:           reactive
Prediction error: 0.3
Output:           outputs/full_mobility_policy_error/full_driving_reactive_err30_r040_100.csv
Started:          2026年 07月 29日 星期三 23:35:05 CST
------------------------------------------
Starting dynamic mobility test: method=full, mode=driving, policy=reactive, prediction_error=0.3, rate=0.4, episodes=100
episode=   1/100 elapsed=     2.6s slo=0.9167 handover=0.00
episode=  10/100 elapsed=    21.6s slo=0.6250 handover=0.00
episode=  20/100 elapsed=    43.0s slo=0.5083 handover=0.20
episode=  30/100 elapsed=    66.3s slo=0.5083 handover=0.60
episode=  40/100 elapsed=    87.1s slo=0.5083 handover=0.10
episode=  50/100 elapsed=   109.7s slo=0.6667 handover=0.20
episode=  60/100 elapsed=   128.6s slo=0.5000 handover=0.20
episode=  70/100 elapsed=   150.1s slo=0.6250 handover=0.10
episode=  80/100 elapsed=   174.3s slo=0.6333 handover=0.10
episode=  90/100 elapsed=   194.7s slo=0.5333 handover=0.10
episode= 100/100 elapsed=   219.8s slo=0.5583 handover=0.30
      avg_e2e_ms  p95_e2e_ms  slo_satisfaction  throughput_rps  goodput_rps  handover_events  handover_slo_satisfaction  migration_mb  migration_ms  mean_batch_size
mean   3360.0092   6964.4042            0.5667          0.4224       0.2405           0.1900                     0.4111       47.2713      590.9587           1.3124
std    2472.5815   5513.3319            0.2062          0.1143       0.1120           0.5064                     0.4750      134.8037     1747.4213           0.3830
Saved outputs/full_mobility_policy_error/full_driving_reactive_err30_r040_100.csv
Finished: 2026年 07月 29日 星期三 23:38:54 CST

------------------------------------------
Mode:             driving
Policy:           prefetch
Prediction error: 0.0
Output:           outputs/full_mobility_policy_error/full_driving_prefetch_err00_r040_100.csv
Started:          2026年 07月 29日 星期三 23:38:54 CST
------------------------------------------
Starting dynamic mobility test: method=full, mode=driving, policy=prefetch, prediction_error=0.0, rate=0.4, episodes=100
episode=   1/100 elapsed=     2.7s slo=0.9167 handover=0.00
episode=  10/100 elapsed=    21.7s slo=0.6250 handover=0.00
episode=  20/100 elapsed=    43.2s slo=0.5167 handover=0.20
episode=  30/100 elapsed=    65.5s slo=0.5083 handover=0.40
episode=  40/100 elapsed=    87.7s slo=0.5083 handover=0.10
episode=  50/100 elapsed=   110.9s slo=0.6667 handover=0.20
episode=  60/100 elapsed=   130.1s slo=0.5083 handover=0.20
episode=  70/100 elapsed=   151.5s slo=0.6250 handover=0.10
episode=  80/100 elapsed=   173.7s slo=0.6500 handover=0.10
episode=  90/100 elapsed=   194.1s slo=0.5333 handover=0.10
episode= 100/100 elapsed=   217.7s slo=0.5667 handover=0.40
      avg_e2e_ms  p95_e2e_ms  slo_satisfaction  throughput_rps  goodput_rps  handover_events  handover_slo_satisfaction  migration_mb  migration_ms  mean_batch_size
mean   3180.7576    6581.407            0.5708          0.4251       0.2428           0.1800                     0.3889       45.0434       72.3163           1.2916
std    1977.0986    4758.299            0.2004          0.1126       0.1093           0.4795                     0.4700      128.5149      443.5669           0.3237
Saved outputs/full_mobility_policy_error/full_driving_prefetch_err00_r040_100.csv
Finished: 2026年 07月 29日 星期三 23:42:40 CST

------------------------------------------
Mode:             driving
Policy:           prefetch
Prediction error: 0.1
Output:           outputs/full_mobility_policy_error/full_driving_prefetch_err10_r040_100.csv
Started:          2026年 07月 29日 星期三 23:42:40 CST
------------------------------------------
Starting dynamic mobility test: method=full, mode=driving, policy=prefetch, prediction_error=0.1, rate=0.4, episodes=100
episode=   1/100 elapsed=     2.5s slo=0.9167 handover=0.00
episode=  10/100 elapsed=    21.6s slo=0.6250 handover=0.00
episode=  20/100 elapsed=    43.2s slo=0.5167 handover=0.20
episode=  30/100 elapsed=    65.5s slo=0.5083 handover=0.50
episode=  40/100 elapsed=    86.6s slo=0.5083 handover=0.10
episode=  50/100 elapsed=   109.0s slo=0.6667 handover=0.20
episode=  60/100 elapsed=   128.2s slo=0.5083 handover=0.20
episode=  70/100 elapsed=   149.7s slo=0.6250 handover=0.10
episode=  80/100 elapsed=   172.0s slo=0.6500 handover=0.10
episode=  90/100 elapsed=   192.7s slo=0.5333 handover=0.10
episode= 100/100 elapsed=   216.1s slo=0.5667 handover=0.40
      avg_e2e_ms  p95_e2e_ms  slo_satisfaction  throughput_rps  goodput_rps  handover_events  handover_slo_satisfaction  migration_mb  migration_ms  mean_batch_size
mean   3183.1096   6590.0654            0.5708          0.4250       0.2428           0.1900                     0.3889       51.1793       89.3477           1.2916
std    1985.4667   4788.2495            0.2004          0.1127       0.1093           0.5064                     0.4700      140.9194      512.9769           0.3237
Saved outputs/full_mobility_policy_error/full_driving_prefetch_err10_r040_100.csv
Finished: 2026年 07月 29日 星期三 23:46:24 CST

------------------------------------------
Mode:             driving
Policy:           prefetch
Prediction error: 0.2
Output:           outputs/full_mobility_policy_error/full_driving_prefetch_err20_r040_100.csv
Started:          2026年 07月 29日 星期三 23:46:24 CST
------------------------------------------
Starting dynamic mobility test: method=full, mode=driving, policy=prefetch, prediction_error=0.2, rate=0.4, episodes=100
episode=   1/100 elapsed=     2.5s slo=0.9167 handover=0.00
episode=  10/100 elapsed=    21.5s slo=0.6250 handover=0.00
episode=  20/100 elapsed=    43.0s slo=0.5167 handover=0.20
episode=  30/100 elapsed=    64.8s slo=0.5083 handover=0.50
episode=  40/100 elapsed=    85.5s slo=0.5083 handover=0.10
episode=  50/100 elapsed=   108.4s slo=0.6667 handover=0.20
episode=  60/100 elapsed=   127.1s slo=0.5000 handover=0.20
episode=  70/100 elapsed=   148.3s slo=0.6250 handover=0.10
episode=  80/100 elapsed=   170.4s slo=0.6500 handover=0.10
episode=  90/100 elapsed=   190.7s slo=0.5333 handover=0.10
episode= 100/100 elapsed=   214.1s slo=0.5667 handover=0.40
      avg_e2e_ms  p95_e2e_ms  slo_satisfaction  throughput_rps  goodput_rps  handover_events  handover_slo_satisfaction  migration_mb  migration_ms  mean_batch_size
mean   3196.6284   6614.1124            0.5700          0.4249       0.2424           0.1900                     0.3889       56.6212       150.667           1.2984
std    2011.9054   4804.4357            0.2023          0.1126       0.1101           0.5064                     0.4700      156.4786       706.179           0.3396
Saved outputs/full_mobility_policy_error/full_driving_prefetch_err20_r040_100.csv
Finished: 2026年 07月 29日 星期三 23:50:06 CST

------------------------------------------
Mode:             driving
Policy:           prefetch
Prediction error: 0.3
Output:           outputs/full_mobility_policy_error/full_driving_prefetch_err30_r040_100.csv
Started:          2026年 07月 29日 星期三 23:50:06 CST
------------------------------------------
Starting dynamic mobility test: method=full, mode=driving, policy=prefetch, prediction_error=0.3, rate=0.4, episodes=100
episode=   1/100 elapsed=     2.5s slo=0.9167 handover=0.00
episode=  10/100 elapsed=    21.6s slo=0.6250 handover=0.00
episode=  20/100 elapsed=    43.2s slo=0.5167 handover=0.20
episode=  30/100 elapsed=    65.2s slo=0.5083 handover=0.50
episode=  40/100 elapsed=    86.1s slo=0.5083 handover=0.10
episode=  50/100 elapsed=   108.9s slo=0.6667 handover=0.20
episode=  60/100 elapsed=   127.8s slo=0.5000 handover=0.20
episode=  70/100 elapsed=   149.3s slo=0.6250 handover=0.10
episode=  80/100 elapsed=   171.7s slo=0.6500 handover=0.10
episode=  90/100 elapsed=   192.2s slo=0.5333 handover=0.10
episode= 100/100 elapsed=   217.1s slo=0.5667 handover=0.30
      avg_e2e_ms  p95_e2e_ms  slo_satisfaction  throughput_rps  goodput_rps  handover_events  handover_slo_satisfaction  migration_mb  migration_ms  mean_batch_size
mean   3226.8355   6641.8101            0.5700          0.4246       0.2423           0.1800                     0.4000       57.0248      176.4271           1.2984
std    2142.4595   4876.3054            0.2023          0.1126       0.1102           0.4579                     0.4706      158.0063      803.4226           0.3396
Saved outputs/full_mobility_policy_error/full_driving_prefetch_err30_r040_100.csv
Finished: 2026年 07月 29日 星期三 23:53:51 CST

------------------------------------------
Mode:             high_speed
Policy:           keep
Prediction error: 0.0
Output:           outputs/full_mobility_policy_error/full_high_speed_keep_err00_r040_100.csv
Started:          2026年 07月 29日 星期三 23:53:52 CST
------------------------------------------
Starting dynamic mobility test: method=full, mode=high_speed, policy=keep, prediction_error=0.0, rate=0.4, episodes=100
episode=   1/100 elapsed=     2.6s slo=0.9167 handover=1.00
episode=  10/100 elapsed=    21.7s slo=0.6250 handover=0.70
episode=  20/100 elapsed=    43.3s slo=0.5167 handover=1.60
episode=  30/100 elapsed=    69.4s slo=0.5083 handover=2.90
episode=  40/100 elapsed=    91.8s slo=0.5083 handover=1.50
episode=  50/100 elapsed=   114.8s slo=0.6667 handover=0.70
episode=  60/100 elapsed=   134.1s slo=0.5083 handover=1.80
episode=  70/100 elapsed=   155.8s slo=0.6167 handover=0.60
episode=  80/100 elapsed=   178.2s slo=0.6500 handover=1.10
episode=  90/100 elapsed=   199.4s slo=0.5333 handover=1.60
episode= 100/100 elapsed=   224.6s slo=0.5667 handover=2.20
      avg_e2e_ms  p95_e2e_ms  slo_satisfaction  throughput_rps  goodput_rps  handover_events  handover_slo_satisfaction  migration_mb  migration_ms  mean_batch_size
mean   3168.6265   6542.3560            0.5700          0.4258       0.2427           1.4700                     0.5219           0.0           0.0           1.2916
std    1942.5819   4691.4302            0.2006          0.1126       0.1092           2.1994                     0.4252           0.0           0.0           0.3237
Saved outputs/full_mobility_policy_error/full_high_speed_keep_err00_r040_100.csv
Finished: 2026年 07月 29日 星期三 23:57:44 CST

------------------------------------------
Mode:             high_speed
Policy:           keep
Prediction error: 0.1
Output:           outputs/full_mobility_policy_error/full_high_speed_keep_err10_r040_100.csv
Started:          2026年 07月 29日 星期三 23:57:44 CST
------------------------------------------
Starting dynamic mobility test: method=full, mode=high_speed, policy=keep, prediction_error=0.1, rate=0.4, episodes=100
episode=   1/100 elapsed=     2.5s slo=0.9167 handover=1.00
episode=  10/100 elapsed=    21.5s slo=0.6250 handover=0.70
episode=  20/100 elapsed=    43.1s slo=0.5167 handover=1.60
episode=  30/100 elapsed=    64.8s slo=0.5083 handover=2.90
episode=  40/100 elapsed=    85.5s slo=0.5083 handover=1.50
episode=  50/100 elapsed=   108.0s slo=0.6667 handover=0.70
episode=  60/100 elapsed=   127.2s slo=0.5083 handover=1.80
episode=  70/100 elapsed=   148.6s slo=0.6167 handover=0.60
episode=  80/100 elapsed=   170.9s slo=0.6500 handover=1.10
episode=  90/100 elapsed=   191.2s slo=0.5333 handover=1.60
episode= 100/100 elapsed=   215.9s slo=0.5667 handover=2.20
      avg_e2e_ms  p95_e2e_ms  slo_satisfaction  throughput_rps  goodput_rps  handover_events  handover_slo_satisfaction  migration_mb  migration_ms  mean_batch_size
mean   3168.6265   6542.3560            0.5700          0.4258       0.2427           1.4700                     0.5219           0.0           0.0           1.2916
std    1942.5819   4691.4302            0.2006          0.1126       0.1092           2.1994                     0.4252           0.0           0.0           0.3237
Saved outputs/full_mobility_policy_error/full_high_speed_keep_err10_r040_100.csv
Finished: 2026年 07月 30日 星期四 00:01:28 CST

------------------------------------------
Mode:             high_speed
Policy:           keep
Prediction error: 0.2
Output:           outputs/full_mobility_policy_error/full_high_speed_keep_err20_r040_100.csv
Started:          2026年 07月 30日 星期四 00:01:28 CST
------------------------------------------
Starting dynamic mobility test: method=full, mode=high_speed, policy=keep, prediction_error=0.2, rate=0.4, episodes=100
episode=   1/100 elapsed=     2.5s slo=0.9167 handover=1.00
episode=  10/100 elapsed=    21.7s slo=0.6250 handover=0.70
episode=  20/100 elapsed=    43.4s slo=0.5167 handover=1.60
episode=  30/100 elapsed=    65.3s slo=0.5083 handover=2.90
episode=  40/100 elapsed=    86.3s slo=0.5083 handover=1.50
episode=  50/100 elapsed=   109.2s slo=0.6667 handover=0.70
episode=  60/100 elapsed=   128.7s slo=0.5083 handover=1.80
episode=  70/100 elapsed=   150.3s slo=0.6167 handover=0.60
episode=  80/100 elapsed=   172.7s slo=0.6500 handover=1.10
episode=  90/100 elapsed=   193.2s slo=0.5333 handover=1.60
episode= 100/100 elapsed=   218.7s slo=0.5667 handover=2.20
      avg_e2e_ms  p95_e2e_ms  slo_satisfaction  throughput_rps  goodput_rps  handover_events  handover_slo_satisfaction  migration_mb  migration_ms  mean_batch_size
mean   3168.6265   6542.3560            0.5700          0.4258       0.2427           1.4700                     0.5219           0.0           0.0           1.2916
std    1942.5819   4691.4302            0.2006          0.1126       0.1092           2.1994                     0.4252           0.0           0.0           0.3237
Saved outputs/full_mobility_policy_error/full_high_speed_keep_err20_r040_100.csv
Finished: 2026年 07月 30日 星期四 00:05:15 CST

------------------------------------------
Mode:             high_speed
Policy:           keep
Prediction error: 0.3
Output:           outputs/full_mobility_policy_error/full_high_speed_keep_err30_r040_100.csv
Started:          2026年 07月 30日 星期四 00:05:15 CST
------------------------------------------
Starting dynamic mobility test: method=full, mode=high_speed, policy=keep, prediction_error=0.3, rate=0.4, episodes=100
episode=   1/100 elapsed=     2.5s slo=0.9167 handover=1.00
episode=  10/100 elapsed=    21.6s slo=0.6250 handover=0.70
episode=  20/100 elapsed=    43.2s slo=0.5167 handover=1.60
episode=  30/100 elapsed=    65.3s slo=0.5083 handover=2.90
episode=  40/100 elapsed=    85.9s slo=0.5083 handover=1.50
episode=  50/100 elapsed=   108.3s slo=0.6667 handover=0.70
episode=  60/100 elapsed=   127.5s slo=0.5083 handover=1.80
episode=  70/100 elapsed=   148.9s slo=0.6167 handover=0.60
episode=  80/100 elapsed=   171.0s slo=0.6500 handover=1.10
episode=  90/100 elapsed=   191.3s slo=0.5333 handover=1.60
episode= 100/100 elapsed=   216.1s slo=0.5667 handover=2.20
      avg_e2e_ms  p95_e2e_ms  slo_satisfaction  throughput_rps  goodput_rps  handover_events  handover_slo_satisfaction  migration_mb  migration_ms  mean_batch_size
mean   3168.6265   6542.3560            0.5700          0.4258       0.2427           1.4700                     0.5219           0.0           0.0           1.2916
std    1942.5819   4691.4302            0.2006          0.1126       0.1092           2.1994                     0.4252           0.0           0.0           0.3237
Saved outputs/full_mobility_policy_error/full_high_speed_keep_err30_r040_100.csv
Finished: 2026年 07月 30日 星期四 00:08:59 CST

------------------------------------------
Mode:             high_speed
Policy:           reactive
Prediction error: 0.0
Output:           outputs/full_mobility_policy_error/full_high_speed_reactive_err00_r040_100.csv
Started:          2026年 07月 30日 星期四 00:08:59 CST
------------------------------------------
Starting dynamic mobility test: method=full, mode=high_speed, policy=reactive, prediction_error=0.0, rate=0.4, episodes=100
episode=   1/100 elapsed=     2.9s slo=0.7500 handover=1.00
episode=  10/100 elapsed=    22.0s slo=0.5833 handover=1.00
episode=  20/100 elapsed=    43.8s slo=0.4833 handover=1.70
episode=  30/100 elapsed=    65.2s slo=0.4750 handover=3.20
episode=  40/100 elapsed=    85.6s slo=0.4750 handover=1.80
episode=  50/100 elapsed=   108.1s slo=0.6250 handover=1.00
episode=  60/100 elapsed=   128.8s slo=0.4750 handover=1.80
episode=  70/100 elapsed=   150.9s slo=0.6000 handover=0.70
episode=  80/100 elapsed=   175.1s slo=0.6250 handover=1.30
episode=  90/100 elapsed=   195.8s slo=0.5167 handover=1.70
episode= 100/100 elapsed=   220.5s slo=0.5083 handover=2.10
      avg_e2e_ms  p95_e2e_ms  slo_satisfaction  throughput_rps  goodput_rps  handover_events  handover_slo_satisfaction  migration_mb  migration_ms  mean_batch_size
mean   4155.0378   8946.7214            0.5367          0.4068       0.2237           1.6300                     0.4371      328.7419     3801.7946           1.3671
std    3630.8179   8062.2007            0.2169          0.1186       0.1195           2.3513                     0.4150      503.7500     6290.9743           0.4400
Saved outputs/full_mobility_policy_error/full_high_speed_reactive_err00_r040_100.csv
Finished: 2026年 07月 30日 星期四 00:12:48 CST

------------------------------------------
Mode:             high_speed
Policy:           reactive
Prediction error: 0.1
Output:           outputs/full_mobility_policy_error/full_high_speed_reactive_err10_r040_100.csv
Started:          2026年 07月 30日 星期四 00:12:48 CST
------------------------------------------
Starting dynamic mobility test: method=full, mode=high_speed, policy=reactive, prediction_error=0.1, rate=0.4, episodes=100
episode=   1/100 elapsed=     2.5s slo=0.7500 handover=1.00
episode=  10/100 elapsed=    21.5s slo=0.5833 handover=1.00
episode=  20/100 elapsed=    44.4s slo=0.4833 handover=1.70
episode=  30/100 elapsed=    65.9s slo=0.4750 handover=3.20
episode=  40/100 elapsed=    86.6s slo=0.4750 handover=1.80
episode=  50/100 elapsed=   109.5s slo=0.6250 handover=1.00
episode=  60/100 elapsed=   128.1s slo=0.4750 handover=1.80
episode=  70/100 elapsed=   149.2s slo=0.6000 handover=0.70
episode=  80/100 elapsed=   173.2s slo=0.6250 handover=1.30
episode=  90/100 elapsed=   193.6s slo=0.5167 handover=1.70
episode= 100/100 elapsed=   218.2s slo=0.5083 handover=2.10
      avg_e2e_ms  p95_e2e_ms  slo_satisfaction  throughput_rps  goodput_rps  handover_events  handover_slo_satisfaction  migration_mb  migration_ms  mean_batch_size
mean   4155.0378   8946.7214            0.5367          0.4068       0.2237           1.6300                     0.4371      328.7419     3801.7946           1.3671
std    3630.8179   8062.2007            0.2169          0.1186       0.1195           2.3513                     0.4150      503.7500     6290.9743           0.4400
Saved outputs/full_mobility_policy_error/full_high_speed_reactive_err10_r040_100.csv
Finished: 2026年 07月 30日 星期四 00:16:35 CST

------------------------------------------
Mode:             high_speed
Policy:           reactive
Prediction error: 0.2
Output:           outputs/full_mobility_policy_error/full_high_speed_reactive_err20_r040_100.csv
Started:          2026年 07月 30日 星期四 00:16:35 CST
------------------------------------------
Starting dynamic mobility test: method=full, mode=high_speed, policy=reactive, prediction_error=0.2, rate=0.4, episodes=100
episode=   1/100 elapsed=     2.5s slo=0.7500 handover=1.00
episode=  10/100 elapsed=    21.3s slo=0.5833 handover=1.00
episode=  20/100 elapsed=    42.8s slo=0.4833 handover=1.70
episode=  30/100 elapsed=    64.2s slo=0.4750 handover=3.20
episode=  40/100 elapsed=    84.5s slo=0.4750 handover=1.80
episode=  50/100 elapsed=   106.8s slo=0.6250 handover=1.00
episode=  60/100 elapsed=   125.4s slo=0.4750 handover=1.80
episode=  70/100 elapsed=   146.5s slo=0.6000 handover=0.70
episode=  80/100 elapsed=   170.5s slo=0.6250 handover=1.30
episode=  90/100 elapsed=   190.9s slo=0.5167 handover=1.70
episode= 100/100 elapsed=   215.3s slo=0.5083 handover=2.10
      avg_e2e_ms  p95_e2e_ms  slo_satisfaction  throughput_rps  goodput_rps  handover_events  handover_slo_satisfaction  migration_mb  migration_ms  mean_batch_size
mean   4155.0378   8946.7214            0.5367          0.4068       0.2237           1.6300                     0.4371      328.7419     3801.7946           1.3671
std    3630.8179   8062.2007            0.2169          0.1186       0.1195           2.3513                     0.4150      503.7500     6290.9743           0.4400
Saved outputs/full_mobility_policy_error/full_high_speed_reactive_err20_r040_100.csv
Finished: 2026年 07月 30日 星期四 00:20:18 CST

------------------------------------------
Mode:             high_speed
Policy:           reactive
Prediction error: 0.3
Output:           outputs/full_mobility_policy_error/full_high_speed_reactive_err30_r040_100.csv
Started:          2026年 07月 30日 星期四 00:20:18 CST
------------------------------------------
Starting dynamic mobility test: method=full, mode=high_speed, policy=reactive, prediction_error=0.3, rate=0.4, episodes=100
episode=   1/100 elapsed=     2.5s slo=0.7500 handover=1.00
episode=  10/100 elapsed=    21.8s slo=0.5833 handover=1.00
episode=  20/100 elapsed=    43.0s slo=0.4833 handover=1.70
episode=  30/100 elapsed=    64.3s slo=0.4750 handover=3.20
episode=  40/100 elapsed=    84.6s slo=0.4750 handover=1.80
episode=  50/100 elapsed=   106.8s slo=0.6250 handover=1.00
episode=  60/100 elapsed=   125.4s slo=0.4750 handover=1.80
episode=  70/100 elapsed=   146.5s slo=0.6000 handover=0.70
episode=  80/100 elapsed=   170.7s slo=0.6250 handover=1.30
episode=  90/100 elapsed=   190.9s slo=0.5167 handover=1.70
episode= 100/100 elapsed=   215.2s slo=0.5083 handover=2.10
      avg_e2e_ms  p95_e2e_ms  slo_satisfaction  throughput_rps  goodput_rps  handover_events  handover_slo_satisfaction  migration_mb  migration_ms  mean_batch_size
mean   4155.0378   8946.7214            0.5367          0.4068       0.2237           1.6300                     0.4371      328.7419     3801.7946           1.3671
std    3630.8179   8062.2007            0.2169          0.1186       0.1195           2.3513                     0.4150      503.7500     6290.9743           0.4400
Saved outputs/full_mobility_policy_error/full_high_speed_reactive_err30_r040_100.csv
Finished: 2026年 07月 30日 星期四 00:24:01 CST

------------------------------------------
Mode:             high_speed
Policy:           prefetch
Prediction error: 0.0
Output:           outputs/full_mobility_policy_error/full_high_speed_prefetch_err00_r040_100.csv
Started:          2026年 07月 30日 星期四 00:24:01 CST
------------------------------------------
Starting dynamic mobility test: method=full, mode=high_speed, policy=prefetch, prediction_error=0.0, rate=0.4, episodes=100
episode=   1/100 elapsed=     2.6s slo=0.9167 handover=1.00
episode=  10/100 elapsed=    21.8s slo=0.6167 handover=0.90
episode=  20/100 elapsed=    43.4s slo=0.5167 handover=1.60
episode=  30/100 elapsed=    65.0s slo=0.5083 handover=2.40
episode=  40/100 elapsed=    85.9s slo=0.5000 handover=1.50
episode=  50/100 elapsed=   108.6s slo=0.6667 handover=0.70
episode=  60/100 elapsed=   127.8s slo=0.5083 handover=1.80
episode=  70/100 elapsed=   150.8s slo=0.6250 handover=0.60
episode=  80/100 elapsed=   173.1s slo=0.6250 handover=1.20
episode=  90/100 elapsed=   193.6s slo=0.5250 handover=1.60
episode= 100/100 elapsed=   217.3s slo=0.5667 handover=2.10
      avg_e2e_ms  p95_e2e_ms  slo_satisfaction  throughput_rps  goodput_rps  handover_events  handover_slo_satisfaction  migration_mb  migration_ms  mean_batch_size
mean   3302.1921   6784.4710            0.5658          0.4226       0.2398           1.4400                     0.5497      305.1923      647.7801           1.3175
std    2189.1158   4769.9438            0.2035          0.1122       0.1109           1.9966                     0.4142      442.6174     1510.9241           0.3767
Saved outputs/full_mobility_policy_error/full_high_speed_prefetch_err00_r040_100.csv
Finished: 2026年 07月 30日 星期四 00:27:47 CST

------------------------------------------
Mode:             high_speed
Policy:           prefetch
Prediction error: 0.1
Output:           outputs/full_mobility_policy_error/full_high_speed_prefetch_err10_r040_100.csv
Started:          2026年 07月 30日 星期四 00:27:47 CST
------------------------------------------
Starting dynamic mobility test: method=full, mode=high_speed, policy=prefetch, prediction_error=0.1, rate=0.4, episodes=100
episode=   1/100 elapsed=     2.5s slo=0.9167 handover=1.00
episode=  10/100 elapsed=    21.4s slo=0.6083 handover=0.80
episode=  20/100 elapsed=    43.0s slo=0.5167 handover=1.60
episode=  30/100 elapsed=    64.8s slo=0.5000 handover=2.40
episode=  40/100 elapsed=    85.6s slo=0.5000 handover=1.50
episode=  50/100 elapsed=   108.4s slo=0.6667 handover=0.70
episode=  60/100 elapsed=   127.7s slo=0.5083 handover=1.80
episode=  70/100 elapsed=   148.9s slo=0.6167 handover=0.60
episode=  80/100 elapsed=   173.3s slo=0.6250 handover=1.10
episode=  90/100 elapsed=   193.6s slo=0.5250 handover=1.60
episode= 100/100 elapsed=   217.7s slo=0.5667 handover=2.10
      avg_e2e_ms  p95_e2e_ms  slo_satisfaction  throughput_rps  goodput_rps  handover_events  handover_slo_satisfaction  migration_mb  migration_ms  mean_batch_size
mean   3399.8992   6965.6825            0.5633          0.4206       0.2379           1.4200                     0.5477      324.1711      848.6929           1.3184
std    2433.9286   5029.1329            0.2042          0.1119       0.1116           1.9026                     0.4144      449.3379     1836.9455           0.3761
Saved outputs/full_mobility_policy_error/full_high_speed_prefetch_err10_r040_100.csv
Finished: 2026年 07月 30日 星期四 00:31:33 CST

------------------------------------------
Mode:             high_speed
Policy:           prefetch
Prediction error: 0.2
Output:           outputs/full_mobility_policy_error/full_high_speed_prefetch_err20_r040_100.csv
Started:          2026年 07月 30日 星期四 00:31:33 CST
------------------------------------------
Starting dynamic mobility test: method=full, mode=high_speed, policy=prefetch, prediction_error=0.2, rate=0.4, episodes=100
episode=   1/100 elapsed=     2.5s slo=0.9167 handover=1.00
episode=  10/100 elapsed=    21.2s slo=0.6083 handover=0.80
episode=  20/100 elapsed=    42.6s slo=0.5167 handover=1.60
episode=  30/100 elapsed=    64.2s slo=0.5000 handover=2.40
episode=  40/100 elapsed=    85.2s slo=0.5000 handover=1.40
episode=  50/100 elapsed=   107.8s slo=0.6667 handover=0.70
episode=  60/100 elapsed=   127.1s slo=0.5083 handover=1.80
episode=  70/100 elapsed=   148.1s slo=0.6167 handover=0.60
episode=  80/100 elapsed=   172.1s slo=0.6250 handover=1.10
episode=  90/100 elapsed=   192.3s slo=0.5167 handover=1.60
episode= 100/100 elapsed=   215.2s slo=0.5500 handover=2.10
      avg_e2e_ms  p95_e2e_ms  slo_satisfaction  throughput_rps  goodput_rps  handover_events  handover_slo_satisfaction  migration_mb  migration_ms  mean_batch_size
mean   3466.0363   7128.5904            0.5608          0.4198       0.2365           1.4100                     0.5477      343.0022     1012.4893           1.3274
std    2498.2353   5269.3706            0.2058          0.1118       0.1122           1.8968                     0.4144      467.6003     1964.2813           0.3910
Saved outputs/full_mobility_policy_error/full_high_speed_prefetch_err20_r040_100.csv
Finished: 2026年 07月 30日 星期四 00:35:16 CST

------------------------------------------
Mode:             high_speed
Policy:           prefetch
Prediction error: 0.3
Output:           outputs/full_mobility_policy_error/full_high_speed_prefetch_err30_r040_100.csv
Started:          2026年 07月 30日 星期四 00:35:16 CST
------------------------------------------
Starting dynamic mobility test: method=full, mode=high_speed, policy=prefetch, prediction_error=0.3, rate=0.4, episodes=100
episode=   1/100 elapsed=     2.5s slo=0.9167 handover=1.00
episode=  10/100 elapsed=    21.4s slo=0.6000 handover=1.00
episode=  20/100 elapsed=    43.3s slo=0.5167 handover=1.60
episode=  30/100 elapsed=    65.1s slo=0.5000 handover=2.40
episode=  40/100 elapsed=    86.2s slo=0.4917 handover=1.80
episode=  50/100 elapsed=   109.1s slo=0.6667 handover=0.70
episode=  60/100 elapsed=   128.4s slo=0.5083 handover=1.80
episode=  70/100 elapsed=   149.8s slo=0.6167 handover=0.60
episode=  80/100 elapsed=   174.2s slo=0.6250 handover=1.10
episode=  90/100 elapsed=   194.5s slo=0.5167 handover=1.60
episode= 100/100 elapsed=   219.0s slo=0.5500 handover=1.90
      avg_e2e_ms  p95_e2e_ms  slo_satisfaction  throughput_rps  goodput_rps  handover_events  handover_slo_satisfaction  migration_mb  migration_ms  mean_batch_size
mean   3533.5987   7242.8459            0.5592          0.4184       0.2354           1.4500                     0.5368      377.9442     1211.2969           1.3314
std    2625.7846   5377.6603            0.2083          0.1115       0.1133           1.9195                     0.4220      503.1868     2186.6170           0.3998
Saved outputs/full_mobility_policy_error/full_high_speed_prefetch_err30_r040_100.csv
Finished: 2026年 07月 30日 星期四 00:39:03 CST

==========================================
All 24 settings completed
Finished: 2026年 07月 30日 星期四 00:39:03 CST
==========================================

==========================================
All final dynamic mobility tests completed
Finished: 2026年 07月 30日 星期四 00:39:03 CST
==========================================
