Using request trace: data/processed/azure_2023_train_sample.csv rows=22,123
Starting online DDQN training: episodes=300 device=cpu arrival_rates=[0.1, 0.2, 0.4, 0.6] max_requests=12 warmup_steps=100 updates_per_episode=2 no_update=False
episode=    1/300 reward= -510.041 batch= 2.40 slo_sat= 0.000 goodput= 0.0000 loss=nan eps=0.998 replay=   52 elapsed=    1.7s eta=  500.3s
episode=   10/300 reward= -633.179 batch= 2.36 slo_sat= 0.017 goodput= 0.0012 loss=10.1957 eps=0.982 replay=  572 elapsed=   23.4s eta=  678.3s
episode=   20/300 reward= -508.841 batch= 2.38 slo_sat= 0.025 goodput= 0.0023 loss=9.1084 eps=0.965 replay= 1092 elapsed=   46.7s eta=  653.4s
episode=   30/300 reward= -476.356 batch= 2.29 slo_sat= 0.017 goodput= 0.0007 loss=8.6080 eps=0.947 replay= 1680 elapsed=   62.8s eta=  565.1s
episode=   40/300 reward= -459.468 batch= 2.98 slo_sat= 0.025 goodput= 0.0024 loss=7.1823 eps=0.933 replay= 2102 elapsed=   83.2s eta=  540.7s
episode=   50/300 reward= -456.060 batch= 2.82 slo_sat= 0.008 goodput= 0.0012 loss=8.9049 eps=0.920 replay= 2522 elapsed=  105.8s eta=  528.9s
episode=   60/300 reward= -443.278 batch= 2.88 slo_sat= 0.000 goodput= 0.0000 loss=11.2214 eps=0.906 replay= 2962 elapsed=  135.9s eta=  543.7s
episode=   70/300 reward= -538.868 batch= 2.14 slo_sat= 0.025 goodput= 0.0031 loss=10.0962 eps=0.887 replay= 3566 elapsed=  154.1s eta=  506.2s
episode=   80/300 reward= -461.088 batch= 2.69 slo_sat= 0.033 goodput= 0.0032 loss=8.9633 eps=0.871 replay= 4087 elapsed=  172.8s eta=  475.3s
episode=   90/300 reward= -557.665 batch= 2.66 slo_sat= 0.050 goodput= 0.0040 loss=12.7533 eps=0.854 replay= 4610 elapsed=  197.8s eta=  461.5s
episode=  100/300 reward= -498.410 batch= 2.60 slo_sat= 0.008 goodput= 0.0007 loss=7.7491 eps=0.838 replay= 5109 elapsed=  224.2s eta=  448.4s
episode=  110/300 reward= -488.167 batch= 2.91 slo_sat= 0.025 goodput= 0.0013 loss=6.8825 eps=0.823 replay= 5575 elapsed=  247.9s eta=  428.2s
episode=  120/300 reward= -589.041 batch= 2.60 slo_sat= 0.000 goodput= 0.0000 loss=7.3738 eps=0.807 replay= 6101 elapsed=  273.0s eta=  409.4s
episode=  130/300 reward= -589.967 batch= 2.93 slo_sat= 0.008 goodput= 0.0007 loss=10.2384 eps=0.791 replay= 6597 elapsed=  307.3s eta=  401.8s
episode=  140/300 reward= -487.081 batch= 2.56 slo_sat= 0.025 goodput= 0.0028 loss=7.7853 eps=0.775 replay= 7093 elapsed=  331.4s eta=  378.7s
episode=  150/300 reward= -513.356 batch= 2.95 slo_sat= 0.008 goodput= 0.0005 loss=8.6176 eps=0.760 replay= 7568 elapsed=  353.7s eta=  353.7s
episode=  160/300 reward= -573.206 batch= 2.69 slo_sat= 0.008 goodput= 0.0010 loss=6.6364 eps=0.744 replay= 8099 elapsed=  380.6s eta=  333.0s
episode=  170/300 reward= -525.203 batch= 2.49 slo_sat= 0.017 goodput= 0.0018 loss=7.7639 eps=0.725 replay= 8669 elapsed=  396.9s eta=  303.5s
episode=  180/300 reward= -591.918 batch= 2.56 slo_sat= 0.017 goodput= 0.0013 loss=7.2878 eps=0.705 replay= 9303 elapsed=  417.7s eta=  278.4s
episode=  190/300 reward= -512.363 batch= 2.76 slo_sat= 0.033 goodput= 0.0036 loss=12.4272 eps=0.690 replay= 9787 elapsed=  439.7s eta=  254.6s
episode=  200/300 reward= -514.045 batch= 2.74 slo_sat= 0.008 goodput= 0.0008 loss=6.4714 eps=0.673 replay=10341 elapsed=  464.9s eta=  232.4s
episode=  210/300 reward= -617.738 batch= 2.26 slo_sat= 0.025 goodput= 0.0020 loss=5.9276 eps=0.652 replay=10989 elapsed=  487.0s eta=  208.7s
episode=  220/300 reward= -637.465 batch= 2.39 slo_sat= 0.033 goodput= 0.0026 loss=8.3963 eps=0.631 replay=11651 elapsed=  517.8s eta=  188.3s
episode=  230/300 reward= -501.513 batch= 2.42 slo_sat= 0.017 goodput= 0.0019 loss=9.9085 eps=0.609 replay=12360 elapsed=  535.5s eta=  163.0s
episode=  240/300 reward= -552.667 batch= 2.44 slo_sat= 0.042 goodput= 0.0035 loss=7.6175 eps=0.589 replay=12987 elapsed=  563.6s eta=  140.9s
episode=  250/300 reward= -564.136 batch= 2.73 slo_sat= 0.008 goodput= 0.0006 loss=7.3653 eps=0.571 replay=13552 elapsed=  603.9s eta=  120.8s
episode=  260/300 reward= -540.593 batch= 2.73 slo_sat= 0.000 goodput= 0.0000 loss=11.0713 eps=0.552 replay=14156 elapsed=  638.8s eta=   98.3s
episode=  270/300 reward= -637.789 batch= 2.86 slo_sat= 0.017 goodput= 0.0018 loss=10.1167 eps=0.532 replay=14769 elapsed=  673.0s eta=   74.8s
episode=  280/300 reward= -611.740 batch= 2.88 slo_sat= 0.000 goodput= 0.0000 loss=12.1280 eps=0.513 replay=15364 elapsed=  710.2s eta=   50.7s
episode=  290/300 reward= -772.109 batch= 2.39 slo_sat= 0.008 goodput= 0.0005 loss=8.2489 eps=0.489 replay=16141 elapsed=  734.4s eta=   25.3s
episode=  300/300 reward= -632.888 batch= 2.91 slo_sat= 0.000 goodput= 0.0000 loss=13.2434 eps=0.469 replay=16773 elapsed=  767.0s eta=    0.0s
Saved results to outputs/train_online_ddqn_cpu_300_analytic
Full checkpoint ready:
outputs/train_online_ddqn_cpu_300_analytic/agent_ep150.pt
==========================================
Common analytical-profile evaluation
Trace:      data/processed/azure_2024_test_sample.csv
Checkpoint: outputs/train_online_ddqn_cpu_300_analytic/agent_ep150.pt
Episodes:   100 per rate
Started:    2026年 07月 29日 星期三 14:56:53 CST
==========================================

==========================================
Arrival rate: 0.10
Started:      2026年 07月 29日 星期三 14:56:53 CST
==========================================
Using request trace: data/processed/azure_2024_test_sample.csv rows=500,000
Starting evaluation: episodes=100, batchers=['no_batch', 'fixed_4', 'sequential_greedy', 'node_conditioned_dp'], full_queue=True, total_runs=400
episode=   1/100 runs=   4/400 elapsed=     3.5s eta=   341.7s
episode=  10/100 runs=  40/400 elapsed=    36.0s eta=   323.7s
episode=  20/100 runs=  80/400 elapsed=    72.4s eta=   289.7s
episode=  30/100 runs= 120/400 elapsed=   107.8s eta=   251.6s
episode=  40/100 runs= 160/400 elapsed=   144.3s eta=   216.4s
episode=  50/100 runs= 200/400 elapsed=   179.9s eta=   179.9s
episode=  60/100 runs= 240/400 elapsed=   203.4s eta=   135.6s
episode=  70/100 runs= 280/400 elapsed=   238.5s eta=   102.2s
episode=  80/100 runs= 320/400 elapsed=   273.7s eta=    68.4s
episode=  90/100 runs= 360/400 elapsed=   308.8s eta=    34.3s
episode= 100/100 runs= 400/400 elapsed=   345.1s eta=     0.0s
                     episodes  completion_ratio  ...  goodput_rps    reward
batcher                                          ...                       
fixed_4                   100               1.0  ...       0.0863 -163.5463
no_batch                  100               1.0  ...       0.0859 -166.6374
node_conditioned_dp       100               1.0  ...       0.0863 -163.6760
sequential_greedy         100               1.0  ...       0.0862 -163.6213

[4 rows x 11 columns]
Saved outputs/common_analytic/baselines_r010_100.csv
Using adapted external mapper: rba
Using request trace: data/processed/azure_2024_test_sample.csv rows=500,000
Starting evaluation: episodes=100, batchers=['node_conditioned_dp'], full_queue=True, total_runs=100
episode=   1/100 runs=   1/100 elapsed=     1.2s eta=   119.0s
episode=  10/100 runs=  10/100 elapsed=    10.7s eta=    96.0s
episode=  20/100 runs=  20/100 elapsed=    23.1s eta=    92.3s
episode=  30/100 runs=  30/100 elapsed=    33.5s eta=    78.2s
episode=  40/100 runs=  40/100 elapsed=    44.7s eta=    67.0s
episode=  50/100 runs=  50/100 elapsed=    56.5s eta=    56.5s
episode=  60/100 runs=  60/100 elapsed=    66.8s eta=    44.5s
episode=  70/100 runs=  70/100 elapsed=    77.5s eta=    33.2s
episode=  80/100 runs=  80/100 elapsed=    88.7s eta=    22.2s
episode=  90/100 runs=  90/100 elapsed=    99.5s eta=    11.1s
episode= 100/100 runs= 100/100 elapsed=   110.6s eta=     0.0s
                     episodes  completion_ratio  ...  goodput_rps    reward
batcher                                          ...                       
node_conditioned_dp       100               1.0  ...       0.0572 -218.2006

[1 rows x 11 columns]
Saved outputs/common_analytic/lecu_rba_r010_100.csv
Using request trace: data/processed/azure_2024_test_sample.csv rows=500,000
Using deterministic DDQN: outputs/train_online_ddqn_cpu_300_analytic/agent_ep150.pt device=cpu
Starting evaluation: episodes=100, batchers=['node_conditioned_dp'], full_queue=True, total_runs=100
episode=   1/100 runs=   1/100 elapsed=     2.6s eta=   254.5s
episode=  10/100 runs=  10/100 elapsed=    25.8s eta=   232.0s
episode=  20/100 runs=  20/100 elapsed=    50.9s eta=   203.6s
episode=  30/100 runs=  30/100 elapsed=    74.9s eta=   174.9s
episode=  40/100 runs=  40/100 elapsed=   100.2s eta=   150.2s
episode=  50/100 runs=  50/100 elapsed=   125.4s eta=   125.4s
episode=  60/100 runs=  60/100 elapsed=   149.8s eta=    99.8s
episode=  70/100 runs=  70/100 elapsed=   174.7s eta=    74.9s
episode=  80/100 runs=  80/100 elapsed=   199.4s eta=    49.8s
episode=  90/100 runs=  90/100 elapsed=   224.2s eta=    24.9s
episode= 100/100 runs= 100/100 elapsed=   249.6s eta=     0.0s
                     episodes  completion_ratio  ...  goodput_rps    reward
batcher                                          ...                       
node_conditioned_dp       100               1.0  ...       0.0907 -158.6246

[1 rows x 11 columns]
Saved outputs/common_analytic/full_r010_100.csv

==========================================
Arrival rate: 0.20
Started:      2026年 07月 29日 星期三 15:08:59 CST
==========================================
Using request trace: data/processed/azure_2024_test_sample.csv rows=500,000
Starting evaluation: episodes=100, batchers=['no_batch', 'fixed_4', 'sequential_greedy', 'node_conditioned_dp'], full_queue=True, total_runs=400
episode=   1/100 runs=   4/400 elapsed=     3.6s eta=   355.3s
episode=  10/100 runs=  40/400 elapsed=    35.6s eta=   320.3s
episode=  20/100 runs=  80/400 elapsed=    72.5s eta=   290.0s
episode=  30/100 runs= 120/400 elapsed=   106.2s eta=   247.9s
episode=  40/100 runs= 160/400 elapsed=   142.6s eta=   213.8s
episode=  50/100 runs= 200/400 elapsed=   178.0s eta=   178.0s
episode=  60/100 runs= 240/400 elapsed=   211.8s eta=   141.2s
episode=  70/100 runs= 280/400 elapsed=   245.8s eta=   105.4s
episode=  80/100 runs= 320/400 elapsed=   280.7s eta=    70.2s
episode=  90/100 runs= 360/400 elapsed=   314.5s eta=    34.9s
episode= 100/100 runs= 400/400 elapsed=   350.0s eta=     0.0s
                     episodes  completion_ratio  ...  goodput_rps    reward
batcher                                          ...                       
fixed_4                   100               1.0  ...       0.1464 -158.8978
no_batch                  100               1.0  ...       0.1414 -169.0774
node_conditioned_dp       100               1.0  ...       0.1469 -158.8833
sequential_greedy         100               1.0  ...       0.1459 -160.0067

[4 rows x 11 columns]
Saved outputs/common_analytic/baselines_r020_100.csv
Using adapted external mapper: rba
Using request trace: data/processed/azure_2024_test_sample.csv rows=500,000
Starting evaluation: episodes=100, batchers=['node_conditioned_dp'], full_queue=True, total_runs=100
episode=   1/100 runs=   1/100 elapsed=     1.2s eta=   122.2s
episode=  10/100 runs=  10/100 elapsed=    10.0s eta=    89.8s
episode=  20/100 runs=  20/100 elapsed=    21.9s eta=    87.6s
episode=  30/100 runs=  30/100 elapsed=    32.5s eta=    75.9s
episode=  40/100 runs=  40/100 elapsed=    42.9s eta=    64.3s
episode=  50/100 runs=  50/100 elapsed=    54.5s eta=    54.5s
episode=  60/100 runs=  60/100 elapsed=    64.6s eta=    43.0s
episode=  70/100 runs=  70/100 elapsed=    74.7s eta=    32.0s
episode=  80/100 runs=  80/100 elapsed=    85.8s eta=    21.4s
episode=  90/100 runs=  90/100 elapsed=    96.2s eta=    10.7s
episode= 100/100 runs= 100/100 elapsed=   107.2s eta=     0.0s
                     episodes  completion_ratio  ...  goodput_rps    reward
batcher                                          ...                       
node_conditioned_dp       100               1.0  ...       0.0907 -205.5573

[1 rows x 11 columns]
Saved outputs/common_analytic/lecu_rba_r020_100.csv
Using request trace: data/processed/azure_2024_test_sample.csv rows=500,000
Using deterministic DDQN: outputs/train_online_ddqn_cpu_300_analytic/agent_ep150.pt device=cpu
Starting evaluation: episodes=100, batchers=['node_conditioned_dp'], full_queue=True, total_runs=100
episode=   1/100 runs=   1/100 elapsed=     2.6s eta=   257.6s
episode=  10/100 runs=  10/100 elapsed=    25.0s eta=   224.7s
episode=  20/100 runs=  20/100 elapsed=    49.5s eta=   198.1s
episode=  30/100 runs=  30/100 elapsed=    72.0s eta=   168.0s
episode=  40/100 runs=  40/100 elapsed=    96.3s eta=   144.5s
episode=  50/100 runs=  50/100 elapsed=   121.0s eta=   121.0s
episode=  60/100 runs=  60/100 elapsed=   143.5s eta=    95.7s
episode=  70/100 runs=  70/100 elapsed=   166.5s eta=    71.4s
episode=  80/100 runs=  80/100 elapsed=   190.2s eta=    47.5s
episode=  90/100 runs=  90/100 elapsed=   213.0s eta=    23.7s
episode= 100/100 runs= 100/100 elapsed=   237.3s eta=     0.0s
                     episodes  completion_ratio  ...  goodput_rps    reward
batcher                                          ...                       
node_conditioned_dp       100               1.0  ...       0.1581 -153.9344

[1 rows x 11 columns]
Saved outputs/common_analytic/full_r020_100.csv

==========================================
Arrival rate: 0.40
Started:      2026年 07月 29日 星期三 15:20:54 CST
==========================================
Using request trace: data/processed/azure_2024_test_sample.csv rows=500,000
Starting evaluation: episodes=100, batchers=['no_batch', 'fixed_4', 'sequential_greedy', 'node_conditioned_dp'], full_queue=True, total_runs=400
episode=   1/100 runs=   4/400 elapsed=     3.6s eta=   356.6s
episode=  10/100 runs=  40/400 elapsed=    32.2s eta=   289.6s
episode=  20/100 runs=  80/400 elapsed=    65.0s eta=   260.1s
episode=  30/100 runs= 120/400 elapsed=    97.8s eta=   228.1s
episode=  40/100 runs= 160/400 elapsed=   129.3s eta=   194.0s
episode=  50/100 runs= 200/400 elapsed=   163.6s eta=   163.6s
episode=  60/100 runs= 240/400 elapsed=   194.7s eta=   129.8s
episode=  70/100 runs= 280/400 elapsed=   228.4s eta=    97.9s
episode=  80/100 runs= 320/400 elapsed=   261.1s eta=    65.3s
episode=  90/100 runs= 360/400 elapsed=   293.4s eta=    32.6s
episode= 100/100 runs= 400/400 elapsed=   331.8s eta=     0.0s
                     episodes  completion_ratio  ...  goodput_rps    reward
batcher                                          ...                       
fixed_4                   100               1.0  ...       0.2027 -144.2342
no_batch                  100               1.0  ...       0.1782 -173.2374
node_conditioned_dp       100               1.0  ...       0.2057 -144.3539
sequential_greedy         100               1.0  ...       0.2041 -146.2819

[4 rows x 11 columns]
Saved outputs/common_analytic/baselines_r040_100.csv
Using adapted external mapper: rba
Using request trace: data/processed/azure_2024_test_sample.csv rows=500,000
Starting evaluation: episodes=100, batchers=['node_conditioned_dp'], full_queue=True, total_runs=100
episode=   1/100 runs=   1/100 elapsed=     1.2s eta=   122.7s
episode=  10/100 runs=  10/100 elapsed=     9.3s eta=    83.9s
episode=  20/100 runs=  20/100 elapsed=    20.0s eta=    79.8s
episode=  30/100 runs=  30/100 elapsed=    29.5s eta=    68.8s
episode=  40/100 runs=  40/100 elapsed=    38.5s eta=    57.8s
episode=  50/100 runs=  50/100 elapsed=    48.0s eta=    48.0s
episode=  60/100 runs=  60/100 elapsed=    56.3s eta=    37.6s
episode=  70/100 runs=  70/100 elapsed=    66.0s eta=    28.3s
episode=  80/100 runs=  80/100 elapsed=    75.7s eta=    18.9s
episode=  90/100 runs=  90/100 elapsed=    85.3s eta=     9.5s
episode= 100/100 runs= 100/100 elapsed=    99.1s eta=     0.0s
                     episodes  completion_ratio  ...  goodput_rps    reward
batcher                                          ...                       
node_conditioned_dp       100               1.0  ...        0.112 -178.4114

[1 rows x 11 columns]
Saved outputs/common_analytic/lecu_rba_r040_100.csv
Using request trace: data/processed/azure_2024_test_sample.csv rows=500,000
Using deterministic DDQN: outputs/train_online_ddqn_cpu_300_analytic/agent_ep150.pt device=cpu
Starting evaluation: episodes=100, batchers=['node_conditioned_dp'], full_queue=True, total_runs=100
episode=   1/100 runs=   1/100 elapsed=     3.0s eta=   293.5s
episode=  10/100 runs=  10/100 elapsed=    24.6s eta=   221.6s
episode=  20/100 runs=  20/100 elapsed=    48.4s eta=   193.7s
episode=  30/100 runs=  30/100 elapsed=    71.1s eta=   166.0s
episode=  40/100 runs=  40/100 elapsed=    92.5s eta=   138.7s
episode=  50/100 runs=  50/100 elapsed=   115.9s eta=   115.9s
episode=  60/100 runs=  60/100 elapsed=   135.7s eta=    90.5s
episode=  70/100 runs=  70/100 elapsed=   157.8s eta=    67.6s
episode=  80/100 runs=  80/100 elapsed=   180.0s eta=    45.0s
episode=  90/100 runs=  90/100 elapsed=   200.3s eta=    22.3s
episode= 100/100 runs= 100/100 elapsed=   226.1s eta=     0.0s
                     episodes  completion_ratio  ...  goodput_rps    reward
batcher                                          ...                       
node_conditioned_dp       100               1.0  ...       0.2336 -143.8395

[1 rows x 11 columns]
Saved outputs/common_analytic/full_r040_100.csv

==========================================
Arrival rate: 0.60
Started:      2026年 07月 29日 星期三 15:32:11 CST
==========================================
Using request trace: data/processed/azure_2024_test_sample.csv rows=500,000
Starting evaluation: episodes=100, batchers=['no_batch', 'fixed_4', 'sequential_greedy', 'node_conditioned_dp'], full_queue=True, total_runs=400
episode=   1/100 runs=   4/400 elapsed=     3.5s eta=   344.3s
episode=  10/100 runs=  40/400 elapsed=    28.7s eta=   258.1s
episode=  20/100 runs=  80/400 elapsed=    58.3s eta=   233.4s
episode=  30/100 runs= 120/400 elapsed=    88.7s eta=   207.0s
episode=  40/100 runs= 160/400 elapsed=   117.2s eta=   175.8s
episode=  50/100 runs= 200/400 elapsed=   149.3s eta=   149.3s
episode=  60/100 runs= 240/400 elapsed=   176.0s eta=   117.3s
episode=  70/100 runs= 280/400 elapsed=   205.0s eta=    87.8s
episode=  80/100 runs= 320/400 elapsed=   238.1s eta=    59.5s
episode=  90/100 runs= 360/400 elapsed=   267.0s eta=    29.7s
episode= 100/100 runs= 400/400 elapsed=   300.6s eta=     0.0s
                     episodes  completion_ratio  ...  goodput_rps    reward
batcher                                          ...                       
fixed_4                   100               1.0  ...       0.2183 -133.0816
no_batch                  100               1.0  ...       0.1713 -175.7974
node_conditioned_dp       100               1.0  ...       0.2249 -132.7738
sequential_greedy         100               1.0  ...       0.2228 -133.9555

[4 rows x 11 columns]
Saved outputs/common_analytic/baselines_r060_100.csv
Using adapted external mapper: rba
Using request trace: data/processed/azure_2024_test_sample.csv rows=500,000
Starting evaluation: episodes=100, batchers=['node_conditioned_dp'], full_queue=True, total_runs=100
episode=   1/100 runs=   1/100 elapsed=     1.2s eta=   116.0s
episode=  10/100 runs=  10/100 elapsed=    10.0s eta=    90.2s
episode=  20/100 runs=  20/100 elapsed=    21.0s eta=    84.1s
episode=  30/100 runs=  30/100 elapsed=    30.7s eta=    71.6s
episode=  40/100 runs=  40/100 elapsed=    39.8s eta=    59.6s
episode=  50/100 runs=  50/100 elapsed=    51.1s eta=    51.1s
episode=  60/100 runs=  60/100 elapsed=    60.4s eta=    40.3s
episode=  70/100 runs=  70/100 elapsed=    72.1s eta=    30.9s
episode=  80/100 runs=  80/100 elapsed=    80.7s eta=    20.2s
episode=  90/100 runs=  90/100 elapsed=    91.4s eta=    10.2s
episode= 100/100 runs= 100/100 elapsed=   102.8s eta=     0.0s
                     episodes  completion_ratio  ...  goodput_rps    reward
batcher                                          ...                       
node_conditioned_dp       100               1.0  ...       0.1081 -160.3262

[1 rows x 11 columns]
Saved outputs/common_analytic/lecu_rba_r060_100.csv
Using request trace: data/processed/azure_2024_test_sample.csv rows=500,000
Using deterministic DDQN: outputs/train_online_ddqn_cpu_300_analytic/agent_ep150.pt device=cpu
Starting evaluation: episodes=100, batchers=['node_conditioned_dp'], full_queue=True, total_runs=100
episode=   1/100 runs=   1/100 elapsed=     2.5s eta=   248.7s
episode=  10/100 runs=  10/100 elapsed=    19.3s eta=   173.9s
episode=  20/100 runs=  20/100 elapsed=    38.2s eta=   152.9s
episode=  30/100 runs=  30/100 elapsed=    57.0s eta=   133.0s
episode=  40/100 runs=  40/100 elapsed=    74.1s eta=   111.2s
episode=  50/100 runs=  50/100 elapsed=    93.0s eta=    93.0s
episode=  60/100 runs=  60/100 elapsed=   109.2s eta=    72.8s
episode=  70/100 runs=  70/100 elapsed=   127.8s eta=    54.8s
episode=  80/100 runs=  80/100 elapsed=   149.7s eta=    37.4s
episode=  90/100 runs=  90/100 elapsed=   167.5s eta=    18.6s
episode= 100/100 runs= 100/100 elapsed=   190.5s eta=     0.0s
                     episodes  completion_ratio  ...  goodput_rps    reward
batcher                                          ...                       
node_conditioned_dp       100               1.0  ...       0.2595 -131.7521

[1 rows x 11 columns]
Saved outputs/common_analytic/full_r060_100.csv

All common analytical tests completed
Finished: 2026年 07月 29日 星期三 15:42:24 CST
