==========================================
Full mobility-policy-error experiment
Profile:    analytical
Trace:      data/processed/azure_2024_test_sample.csv
Checkpoint: outputs/train_online_ddqn_cpu_300_analytic/agent_ep150.pt
Rate:       0.40
Episodes:   100
Started:    2026年 07月 29日 星期三 19:11:44 CST
==========================================

------------------------------------------
Mode:             driving
Policy:           keep
Prediction error: 0.0
Output:           outputs/full_mobility_policy_error/full_driving_keep_err00_r040_100.csv
Started:          2026年 07月 29日 星期三 19:11:44 CST
------------------------------------------
Starting dynamic mobility test: method=full, mode=driving, policy=keep, prediction_error=0.0, rate=0.4, episodes=100
episode=   1/100 elapsed=     2.6s slo=0.9167 handover=0.00
episode=  10/100 elapsed=    22.0s slo=0.6250 handover=0.00
episode=  20/100 elapsed=    43.4s slo=0.5167 handover=0.20
episode=  30/100 elapsed=    65.2s slo=0.5167 handover=0.30
episode=  40/100 elapsed=    86.9s slo=0.5083 handover=0.20
episode=  50/100 elapsed=   110.0s slo=0.6667 handover=0.00
episode=  60/100 elapsed=   129.2s slo=0.5083 handover=0.10
episode=  70/100 elapsed=   150.6s slo=0.6250 handover=0.00
episode=  80/100 elapsed=   172.7s slo=0.6500 handover=0.10
episode=  90/100 elapsed=   192.8s slo=0.5333 handover=0.00
episode= 100/100 elapsed=   217.6s slo=0.5667 handover=0.30
      avg_e2e_ms  p95_e2e_ms  slo_satisfaction  throughput_rps  goodput_rps  handover_events  handover_slo_satisfaction  migration_mb  migration_ms  mean_batch_size
mean   3160.9049   6521.5270            0.5717          0.4258       0.2433            0.120                     0.4333           0.0           0.0           1.2916
std    1922.2723   4631.3227            0.1993          0.1125       0.1088            0.409                     0.4981           0.0           0.0           0.3237
Saved outputs/full_mobility_policy_error/full_driving_keep_err00_r040_100.csv
Finished: 2026年 07月 29日 星期三 19:15:30 CST

------------------------------------------
Mode:             driving
Policy:           keep
Prediction error: 0.1
Output:           outputs/full_mobility_policy_error/full_driving_keep_err10_r040_100.csv
Started:          2026年 07月 29日 星期三 19:15:30 CST
------------------------------------------
Starting dynamic mobility test: method=full, mode=driving, policy=keep, prediction_error=0.1, rate=0.4, episodes=100
episode=   1/100 elapsed=     2.5s slo=0.9167 handover=0.00
episode=  10/100 elapsed=    21.7s slo=0.6250 handover=0.00
episode=  20/100 elapsed=    43.1s slo=0.5167 handover=0.10
episode=  30/100 elapsed=    64.8s slo=0.5167 handover=0.30
episode=  40/100 elapsed=    85.7s slo=0.5083 handover=0.20
episode=  50/100 elapsed=   108.6s slo=0.6667 handover=0.00
episode=  60/100 elapsed=   127.8s slo=0.5083 handover=0.10
episode=  70/100 elapsed=   150.0s slo=0.6250 handover=0.00
episode=  80/100 elapsed=   172.3s slo=0.6500 handover=0.10
episode=  90/100 elapsed=   192.5s slo=0.5333 handover=0.00
episode= 100/100 elapsed=   217.1s slo=0.5667 handover=0.30
      avg_e2e_ms  p95_e2e_ms  slo_satisfaction  throughput_rps  goodput_rps  handover_events  handover_slo_satisfaction  migration_mb  migration_ms  mean_batch_size
mean   3160.8579   6521.3609            0.5717          0.4258       0.2433           0.1100                     0.4815           0.0           0.0           1.2916
std    1922.2337   4631.1130            0.1993          0.1125       0.1088           0.3994                     0.5031           0.0           0.0           0.3237
Saved outputs/full_mobility_policy_error/full_driving_keep_err10_r040_100.csv
Finished: 2026年 07月 29日 星期三 19:19:15 CST

------------------------------------------
Mode:             driving
Policy:           keep
Prediction error: 0.2
Output:           outputs/full_mobility_policy_error/full_driving_keep_err20_r040_100.csv
Started:          2026年 07月 29日 星期三 19:19:15 CST
------------------------------------------
Starting dynamic mobility test: method=full, mode=driving, policy=keep, prediction_error=0.2, rate=0.4, episodes=100
episode=   1/100 elapsed=     2.5s slo=0.9167 handover=0.00
episode=  10/100 elapsed=    21.3s slo=0.6250 handover=0.00
episode=  20/100 elapsed=    42.6s slo=0.5167 handover=0.10
episode=  30/100 elapsed=    64.3s slo=0.5167 handover=0.30
episode=  40/100 elapsed=    85.1s slo=0.5083 handover=0.20
episode=  50/100 elapsed=   107.7s slo=0.6667 handover=0.00
episode=  60/100 elapsed=   127.1s slo=0.5083 handover=0.10
episode=  70/100 elapsed=   149.0s slo=0.6250 handover=0.10
episode=  80/100 elapsed=   172.2s slo=0.6500 handover=0.10
episode=  90/100 elapsed=   192.8s slo=0.5333 handover=0.00
episode= 100/100 elapsed=   216.5s slo=0.5667 handover=0.20
      avg_e2e_ms  p95_e2e_ms  slo_satisfaction  throughput_rps  goodput_rps  handover_events  handover_slo_satisfaction  migration_mb  migration_ms  mean_batch_size
mean   3163.8928   6520.8421            0.5717          0.4258       0.2432           0.1100                      0.500           0.0           0.0           1.2916
std    1932.9961   4629.8537            0.1993          0.1125       0.1088           0.3451                      0.527           0.0           0.0           0.3237
Saved outputs/full_mobility_policy_error/full_driving_keep_err20_r040_100.csv
Finished: 2026年 07月 29日 星期三 19:23:01 CST

------------------------------------------
Mode:             driving
Policy:           keep
Prediction error: 0.3
Output:           outputs/full_mobility_policy_error/full_driving_keep_err30_r040_100.csv
Started:          2026年 07月 29日 星期三 19:23:01 CST
------------------------------------------
Starting dynamic mobility test: method=full, mode=driving, policy=keep, prediction_error=0.3, rate=0.4, episodes=100
episode=   1/100 elapsed=     2.5s slo=0.9167 handover=0.00
episode=  10/100 elapsed=    21.4s slo=0.6250 handover=0.00
episode=  20/100 elapsed=    42.7s slo=0.5167 handover=0.10
episode=  30/100 elapsed=    64.2s slo=0.5167 handover=0.20
episode=  40/100 elapsed=    85.7s slo=0.5083 handover=0.20
episode=  50/100 elapsed=   109.4s slo=0.6667 handover=0.00
episode=  60/100 elapsed=   130.0s slo=0.5083 handover=0.10
episode=  70/100 elapsed=   152.6s slo=0.6250 handover=0.10
episode=  80/100 elapsed=   176.4s slo=0.6500 handover=0.10
episode=  90/100 elapsed=   196.7s slo=0.5333 handover=0.00
episode= 100/100 elapsed=   220.5s slo=0.5667 handover=0.10
      avg_e2e_ms  p95_e2e_ms  slo_satisfaction  throughput_rps  goodput_rps  handover_events  handover_slo_satisfaction  migration_mb  migration_ms  mean_batch_size
mean   3162.6738   6518.7696            0.5717          0.4258       0.2433           0.0900                     0.4444           0.0           0.0           1.2916
std    1930.5709   4626.7474            0.1993          0.1125       0.1088           0.2876                     0.5270           0.0           0.0           0.3237
Saved outputs/full_mobility_policy_error/full_driving_keep_err30_r040_100.csv
Finished: 2026年 07月 29日 星期三 19:26:49 CST

------------------------------------------
Mode:             driving
Policy:           reactive
Prediction error: 0.0
Output:           outputs/full_mobility_policy_error/full_driving_reactive_err00_r040_100.csv
Started:          2026年 07月 29日 星期三 19:26:50 CST
------------------------------------------
Starting dynamic mobility test: method=full, mode=driving, policy=reactive, prediction_error=0.0, rate=0.4, episodes=100
episode=   1/100 elapsed=     2.5s slo=0.9167 handover=0.00
episode=  10/100 elapsed=    22.4s slo=0.6250 handover=0.00
episode=  20/100 elapsed=    44.5s slo=0.5083 handover=0.20
episode=  30/100 elapsed=    66.0s slo=0.5000 handover=0.50
episode=  40/100 elapsed=    86.6s slo=0.5083 handover=0.20
episode=  50/100 elapsed=   109.0s slo=0.6667 handover=0.00
episode=  60/100 elapsed=   128.1s slo=0.5083 handover=0.10
episode=  70/100 elapsed=   149.5s slo=0.6250 handover=0.00
episode=  80/100 elapsed=   171.6s slo=0.6500 handover=0.10
episode=  90/100 elapsed=   194.1s slo=0.5333 handover=0.00
episode= 100/100 elapsed=   219.0s slo=0.5667 handover=0.30
      avg_e2e_ms  p95_e2e_ms  slo_satisfaction  throughput_rps  goodput_rps  handover_events  handover_slo_satisfaction  migration_mb  migration_ms  mean_batch_size
mean   3285.1581   6807.5157            0.5692          0.4234       0.2417           0.1400                     0.2833       32.6698      373.0704           1.2932
std    2228.2933   5276.1714            0.2021          0.1134       0.1102           0.4718                     0.4161      108.6505     1310.7279           0.3243
Saved outputs/full_mobility_policy_error/full_driving_reactive_err00_r040_100.csv
Finished: 2026年 07月 29日 星期三 19:30:37 CST

------------------------------------------
Mode:             driving
Policy:           reactive
Prediction error: 0.1
Output:           outputs/full_mobility_policy_error/full_driving_reactive_err10_r040_100.csv
Started:          2026年 07月 29日 星期三 19:30:37 CST
------------------------------------------
Starting dynamic mobility test: method=full, mode=driving, policy=reactive, prediction_error=0.1, rate=0.4, episodes=100
episode=   1/100 elapsed=     2.5s slo=0.9167 handover=0.00
episode=  10/100 elapsed=    21.4s slo=0.6250 handover=0.00
episode=  20/100 elapsed=    42.9s slo=0.5167 handover=0.10
episode=  30/100 elapsed=    64.7s slo=0.5000 handover=0.50
episode=  40/100 elapsed=    85.5s slo=0.5083 handover=0.20
episode=  50/100 elapsed=   108.1s slo=0.6667 handover=0.00
episode=  60/100 elapsed=   127.3s slo=0.5083 handover=0.10
episode=  70/100 elapsed=   148.8s slo=0.6250 handover=0.00
episode=  80/100 elapsed=   171.0s slo=0.6500 handover=0.10
episode=  90/100 elapsed=   191.3s slo=0.5333 handover=0.00
episode= 100/100 elapsed=   216.3s slo=0.5667 handover=0.20
      avg_e2e_ms  p95_e2e_ms  slo_satisfaction  throughput_rps  goodput_rps  handover_events  handover_slo_satisfaction  migration_mb  migration_ms  mean_batch_size
mean   3276.4296   6783.6844            0.5700          0.4235       0.2420            0.120                     0.3333       27.8152      342.3864           1.2932
std    2215.7724   5251.3876            0.2009          0.1134       0.1098            0.409                     0.4330       96.3549     1262.8397           0.3243
Saved outputs/full_mobility_policy_error/full_driving_reactive_err10_r040_100.csv
Finished: 2026年 07月 29日 星期三 19:34:21 CST

------------------------------------------
Mode:             driving
Policy:           reactive
Prediction error: 0.2
Output:           outputs/full_mobility_policy_error/full_driving_reactive_err20_r040_100.csv
Started:          2026年 07月 29日 星期三 19:34:21 CST
------------------------------------------
Starting dynamic mobility test: method=full, mode=driving, policy=reactive, prediction_error=0.2, rate=0.4, episodes=100
episode=   1/100 elapsed=     2.5s slo=0.9167 handover=0.00
episode=  10/100 elapsed=    21.5s slo=0.6250 handover=0.00
episode=  20/100 elapsed=    43.1s slo=0.5167 handover=0.10
episode=  30/100 elapsed=    65.1s slo=0.5000 handover=0.60
episode=  40/100 elapsed=    86.3s slo=0.5083 handover=0.20
episode=  50/100 elapsed=   108.9s slo=0.6667 handover=0.00
episode=  60/100 elapsed=   128.0s slo=0.5083 handover=0.10
episode=  70/100 elapsed=   149.2s slo=0.6250 handover=0.10
episode=  80/100 elapsed=   171.4s slo=0.6500 handover=0.10
episode=  90/100 elapsed=   191.7s slo=0.5333 handover=0.00
episode= 100/100 elapsed=   215.1s slo=0.5667 handover=0.20
      avg_e2e_ms  p95_e2e_ms  slo_satisfaction  throughput_rps  goodput_rps  handover_events  handover_slo_satisfaction  migration_mb  migration_ms  mean_batch_size
mean   3244.6298   6753.7085            0.5700          0.4241       0.2421           0.1400                     0.3333       28.9308      336.8653           1.2941
std    2069.1847   5150.2620            0.2009          0.1135       0.1096           0.4718                     0.4714       94.5909     1210.8440           0.3236
Saved outputs/full_mobility_policy_error/full_driving_reactive_err20_r040_100.csv
Finished: 2026年 07月 29日 星期三 19:38:05 CST

------------------------------------------
Mode:             driving
Policy:           reactive
Prediction error: 0.3
Output:           outputs/full_mobility_policy_error/full_driving_reactive_err30_r040_100.csv
Started:          2026年 07月 29日 星期三 19:38:05 CST
------------------------------------------
Starting dynamic mobility test: method=full, mode=driving, policy=reactive, prediction_error=0.3, rate=0.4, episodes=100
episode=   1/100 elapsed=     2.5s slo=0.9167 handover=0.00
episode=  10/100 elapsed=    21.6s slo=0.6250 handover=0.00
episode=  20/100 elapsed=    43.4s slo=0.5167 handover=0.10
episode=  30/100 elapsed=    65.2s slo=0.5083 handover=0.30
episode=  40/100 elapsed=    86.1s slo=0.5083 handover=0.20
episode=  50/100 elapsed=   108.7s slo=0.6667 handover=0.00
episode=  60/100 elapsed=   128.0s slo=0.5083 handover=0.10
episode=  70/100 elapsed=   149.3s slo=0.6250 handover=0.10
episode=  80/100 elapsed=   174.0s slo=0.6500 handover=0.10
episode=  90/100 elapsed=   194.3s slo=0.5333 handover=0.00
episode= 100/100 elapsed=   217.6s slo=0.5667 handover=0.10
      avg_e2e_ms  p95_e2e_ms  slo_satisfaction  throughput_rps  goodput_rps  handover_events  handover_slo_satisfaction  migration_mb  migration_ms  mean_batch_size
mean   3209.7380   6695.4051            0.5708          0.4251       0.2429           0.1000                     0.3333       23.3559      264.6198           1.2941
std    2019.4697   5071.7724            0.2004          0.1137       0.1093           0.3333                     0.5000       82.7488     1048.4545           0.3236
Saved outputs/full_mobility_policy_error/full_driving_reactive_err30_r040_100.csv
Finished: 2026年 07月 29日 星期三 19:41:50 CST

------------------------------------------
Mode:             driving
Policy:           prefetch
Prediction error: 0.0
Output:           outputs/full_mobility_policy_error/full_driving_prefetch_err00_r040_100.csv
Started:          2026年 07月 29日 星期三 19:41:50 CST
------------------------------------------
Starting dynamic mobility test: method=full, mode=driving, policy=prefetch, prediction_error=0.0, rate=0.4, episodes=100
episode=   1/100 elapsed=     2.5s slo=0.9167 handover=0.00
episode=  10/100 elapsed=    21.7s slo=0.6250 handover=0.00
episode=  20/100 elapsed=    43.2s slo=0.5167 handover=0.20
episode=  30/100 elapsed=    65.0s slo=0.5167 handover=0.30
episode=  40/100 elapsed=    85.7s slo=0.5083 handover=0.20
episode=  50/100 elapsed=   108.2s slo=0.6667 handover=0.00
episode=  60/100 elapsed=   130.0s slo=0.5083 handover=0.10
episode=  70/100 elapsed=   152.2s slo=0.6250 handover=0.00
episode=  80/100 elapsed=   175.5s slo=0.6500 handover=0.10
episode=  90/100 elapsed=   196.7s slo=0.5333 handover=0.00
episode= 100/100 elapsed=   220.1s slo=0.5667 handover=0.30
      avg_e2e_ms  p95_e2e_ms  slo_satisfaction  throughput_rps  goodput_rps  handover_events  handover_slo_satisfaction  migration_mb  migration_ms  mean_batch_size
mean   3163.6519   6520.0981            0.5717          0.4258       0.2433            0.120                     0.4333       28.5288         0.240           1.2916
std    1932.6196   4628.2318            0.1993          0.1125       0.1088            0.409                     0.4981       96.7093         0.818           0.3237
Saved outputs/full_mobility_policy_error/full_driving_prefetch_err00_r040_100.csv
Finished: 2026年 07月 29日 星期三 19:45:38 CST

------------------------------------------
Mode:             driving
Policy:           prefetch
Prediction error: 0.1
Output:           outputs/full_mobility_policy_error/full_driving_prefetch_err10_r040_100.csv
Started:          2026年 07月 29日 星期三 19:45:39 CST
------------------------------------------
Starting dynamic mobility test: method=full, mode=driving, policy=prefetch, prediction_error=0.1, rate=0.4, episodes=100
episode=   1/100 elapsed=     2.5s slo=0.9167 handover=0.00
episode=  10/100 elapsed=    21.6s slo=0.6250 handover=0.00
episode=  20/100 elapsed=    43.1s slo=0.5167 handover=0.10
episode=  30/100 elapsed=    64.9s slo=0.5167 handover=0.30
episode=  40/100 elapsed=    85.9s slo=0.5083 handover=0.20
episode=  50/100 elapsed=   108.5s slo=0.6667 handover=0.00
episode=  60/100 elapsed=   127.8s slo=0.5083 handover=0.10
episode=  70/100 elapsed=   149.4s slo=0.6250 handover=0.00
episode=  80/100 elapsed=   171.7s slo=0.6500 handover=0.10
episode=  90/100 elapsed=   192.7s slo=0.5333 handover=0.00
episode= 100/100 elapsed=   216.6s slo=0.5667 handover=0.30
      avg_e2e_ms  p95_e2e_ms  slo_satisfaction  throughput_rps  goodput_rps  handover_events  handover_slo_satisfaction  migration_mb  migration_ms  mean_batch_size
mean   3163.6382   6520.0319            0.5717          0.4258       0.2433           0.1100                     0.4815        25.305        0.2200           1.2916
std    1932.6081   4628.1087            0.1993          0.1125       0.1088           0.3994                     0.5031        92.077        0.7987           0.3237
Saved outputs/full_mobility_policy_error/full_driving_prefetch_err10_r040_100.csv
Finished: 2026年 07月 29日 星期三 19:49:23 CST

------------------------------------------
Mode:             driving
Policy:           prefetch
Prediction error: 0.2
Output:           outputs/full_mobility_policy_error/full_driving_prefetch_err20_r040_100.csv
Started:          2026年 07月 29日 星期三 19:49:23 CST
------------------------------------------
Starting dynamic mobility test: method=full, mode=driving, policy=prefetch, prediction_error=0.2, rate=0.4, episodes=100
episode=   1/100 elapsed=     2.5s slo=0.9167 handover=0.00
episode=  10/100 elapsed=    22.1s slo=0.6250 handover=0.00
episode=  20/100 elapsed=    43.8s slo=0.5167 handover=0.10
episode=  30/100 elapsed=    65.5s slo=0.5167 handover=0.30
episode=  40/100 elapsed=    86.4s slo=0.5083 handover=0.20
episode=  50/100 elapsed=   109.1s slo=0.6667 handover=0.00
episode=  60/100 elapsed=   128.4s slo=0.5083 handover=0.10
episode=  70/100 elapsed=   149.6s slo=0.6250 handover=0.10
episode=  80/100 elapsed=   172.4s slo=0.6500 handover=0.10
episode=  90/100 elapsed=   192.8s slo=0.5333 handover=0.00
episode= 100/100 elapsed=   216.4s slo=0.5667 handover=0.20
      avg_e2e_ms  p95_e2e_ms  slo_satisfaction  throughput_rps  goodput_rps  handover_events  handover_slo_satisfaction  migration_mb  migration_ms  mean_batch_size
mean   3166.6964   6533.4880            0.5717          0.4258       0.2433           0.1100                      0.500       29.0719       22.0831           1.2925
std    1930.8863   4626.3674            0.1993          0.1125       0.1088           0.3451                      0.527      103.7110      218.8118           0.3230
Saved outputs/full_mobility_policy_error/full_driving_prefetch_err20_r040_100.csv
Finished: 2026年 07月 29日 星期三 19:53:08 CST

------------------------------------------
Mode:             driving
Policy:           prefetch
Prediction error: 0.3
Output:           outputs/full_mobility_policy_error/full_driving_prefetch_err30_r040_100.csv
Started:          2026年 07月 29日 星期三 19:53:08 CST
------------------------------------------
Starting dynamic mobility test: method=full, mode=driving, policy=prefetch, prediction_error=0.3, rate=0.4, episodes=100
episode=   1/100 elapsed=     2.5s slo=0.9167 handover=0.00
episode=  10/100 elapsed=    21.6s slo=0.6250 handover=0.00
episode=  20/100 elapsed=    43.3s slo=0.5167 handover=0.10
episode=  30/100 elapsed=    65.2s slo=0.5167 handover=0.20
episode=  40/100 elapsed=    86.0s slo=0.5083 handover=0.20
episode=  50/100 elapsed=   108.6s slo=0.6667 handover=0.00
episode=  60/100 elapsed=   128.0s slo=0.5083 handover=0.10
episode=  70/100 elapsed=   149.5s slo=0.6250 handover=0.10
episode=  80/100 elapsed=   172.4s slo=0.6500 handover=0.10
episode=  90/100 elapsed=   192.9s slo=0.5333 handover=0.00
episode= 100/100 elapsed=   216.3s slo=0.5667 handover=0.10
      avg_e2e_ms  p95_e2e_ms  slo_satisfaction  throughput_rps  goodput_rps  handover_events  handover_slo_satisfaction  migration_mb  migration_ms  mean_batch_size
mean   3165.5440   6531.5154            0.5717          0.4258       0.2433           0.0900                     0.4444       24.0319       22.0431           1.2925
std    1928.5259   4623.3561            0.1993          0.1125       0.1088           0.2876                     0.5270       95.3622      218.8155           0.3230
Saved outputs/full_mobility_policy_error/full_driving_prefetch_err30_r040_100.csv
Finished: 2026年 07月 29日 星期三 19:56:53 CST

------------------------------------------
Mode:             high_speed
Policy:           keep
Prediction error: 0.0
Output:           outputs/full_mobility_policy_error/full_high_speed_keep_err00_r040_100.csv
Started:          2026年 07月 29日 星期三 19:56:53 CST
------------------------------------------
Starting dynamic mobility test: method=full, mode=high_speed, policy=keep, prediction_error=0.0, rate=0.4, episodes=100
episode=   1/100 elapsed=     3.1s slo=0.9167 handover=0.00
episode=  10/100 elapsed=    22.3s slo=0.6250 handover=0.40
episode=  20/100 elapsed=    43.8s slo=0.5167 handover=1.30
episode=  30/100 elapsed=    65.4s slo=0.5083 handover=2.40
episode=  40/100 elapsed=    86.1s slo=0.5083 handover=1.80
episode=  50/100 elapsed=   108.4s slo=0.6667 handover=0.50
episode=  60/100 elapsed=   127.6s slo=0.5083 handover=1.50
episode=  70/100 elapsed=   148.9s slo=0.6167 handover=1.20
episode=  80/100 elapsed=   171.1s slo=0.6500 handover=1.10
episode=  90/100 elapsed=   191.3s slo=0.5333 handover=1.50
episode= 100/100 elapsed=   216.0s slo=0.5667 handover=1.30
      avg_e2e_ms  p95_e2e_ms  slo_satisfaction  throughput_rps  goodput_rps  handover_events  handover_slo_satisfaction  migration_mb  migration_ms  mean_batch_size
mean   3168.7376   6547.7173            0.5700          0.4257       0.2426           1.3000                     0.5859           0.0           0.0           1.2916
std    1944.1786   4705.4886            0.2006          0.1126       0.1092           1.8668                     0.3887           0.0           0.0           0.3237
Saved outputs/full_mobility_policy_error/full_high_speed_keep_err00_r040_100.csv
Finished: 2026年 07月 29日 星期三 20:00:37 CST

------------------------------------------
Mode:             high_speed
Policy:           keep
Prediction error: 0.1
Output:           outputs/full_mobility_policy_error/full_high_speed_keep_err10_r040_100.csv
Started:          2026年 07月 29日 星期三 20:00:37 CST
------------------------------------------
Starting dynamic mobility test: method=full, mode=high_speed, policy=keep, prediction_error=0.1, rate=0.4, episodes=100
episode=   1/100 elapsed=     2.5s slo=0.9167 handover=0.00
episode=  10/100 elapsed=    21.3s slo=0.6250 handover=0.40
episode=  20/100 elapsed=    42.7s slo=0.5167 handover=1.40
episode=  30/100 elapsed=    65.4s slo=0.5083 handover=2.40
episode=  40/100 elapsed=    86.0s slo=0.5083 handover=2.00
episode=  50/100 elapsed=   108.3s slo=0.6667 handover=0.70
episode=  60/100 elapsed=   127.4s slo=0.5083 handover=1.50
episode=  70/100 elapsed=   148.6s slo=0.6167 handover=1.20
episode=  80/100 elapsed=   170.8s slo=0.6500 handover=1.10
episode=  90/100 elapsed=   191.0s slo=0.5333 handover=1.60
episode= 100/100 elapsed=   215.7s slo=0.5667 handover=1.40
      avg_e2e_ms  p95_e2e_ms  slo_satisfaction  throughput_rps  goodput_rps  handover_events  handover_slo_satisfaction  migration_mb  migration_ms  mean_batch_size
mean   3171.1647   6552.3866            0.5700          0.4256       0.2426           1.3700                     0.5796           0.0           0.0           1.2916
std    1945.7751   4708.7270            0.2006          0.1126       0.1092           1.8891                     0.3829           0.0           0.0           0.3237
Saved outputs/full_mobility_policy_error/full_high_speed_keep_err10_r040_100.csv
Finished: 2026年 07月 29日 星期三 20:04:21 CST

------------------------------------------
Mode:             high_speed
Policy:           keep
Prediction error: 0.2
Output:           outputs/full_mobility_policy_error/full_high_speed_keep_err20_r040_100.csv
Started:          2026年 07月 29日 星期三 20:04:21 CST
------------------------------------------
Starting dynamic mobility test: method=full, mode=high_speed, policy=keep, prediction_error=0.2, rate=0.4, episodes=100
episode=   1/100 elapsed=     2.5s slo=0.9167 handover=0.00
episode=  10/100 elapsed=    21.4s slo=0.6250 handover=0.50
episode=  20/100 elapsed=    42.9s slo=0.5167 handover=1.40
episode=  30/100 elapsed=    64.6s slo=0.5083 handover=2.20
episode=  40/100 elapsed=    85.5s slo=0.5083 handover=1.80
episode=  50/100 elapsed=   108.1s slo=0.6667 handover=0.80
episode=  60/100 elapsed=   127.3s slo=0.5083 handover=1.50
episode=  70/100 elapsed=   148.8s slo=0.6167 handover=0.90
episode=  80/100 elapsed=   171.1s slo=0.6500 handover=1.10
episode=  90/100 elapsed=   191.5s slo=0.5333 handover=1.70
episode= 100/100 elapsed=   216.3s slo=0.5667 handover=1.50
      avg_e2e_ms  p95_e2e_ms  slo_satisfaction  throughput_rps  goodput_rps  handover_events  handover_slo_satisfaction  migration_mb  migration_ms  mean_batch_size
mean   3172.4373    6556.662            0.5700          0.4255       0.2425           1.3400                     0.5862           0.0           0.0           1.2916
std    1947.5681    4715.524            0.2006          0.1126       0.1092           1.8103                     0.3807           0.0           0.0           0.3237
Saved outputs/full_mobility_policy_error/full_high_speed_keep_err20_r040_100.csv
Finished: 2026年 07月 29日 星期三 20:08:06 CST

------------------------------------------
Mode:             high_speed
Policy:           keep
Prediction error: 0.3
Output:           outputs/full_mobility_policy_error/full_high_speed_keep_err30_r040_100.csv
Started:          2026年 07月 29日 星期三 20:08:06 CST
------------------------------------------
Starting dynamic mobility test: method=full, mode=high_speed, policy=keep, prediction_error=0.3, rate=0.4, episodes=100
episode=   1/100 elapsed=     2.5s slo=0.9167 handover=0.00
episode=  10/100 elapsed=    21.5s slo=0.6250 handover=0.70
episode=  20/100 elapsed=    43.0s slo=0.5167 handover=1.40
episode=  30/100 elapsed=    64.8s slo=0.5083 handover=2.20
episode=  40/100 elapsed=    85.8s slo=0.5083 handover=1.90
episode=  50/100 elapsed=   108.8s slo=0.6667 handover=0.70
episode=  60/100 elapsed=   128.2s slo=0.5083 handover=1.50
episode=  70/100 elapsed=   150.3s slo=0.6167 handover=1.00
episode=  80/100 elapsed=   173.0s slo=0.6500 handover=1.10
episode=  90/100 elapsed=   193.7s slo=0.5333 handover=1.60
episode= 100/100 elapsed=   218.9s slo=0.5667 handover=1.60
      avg_e2e_ms  p95_e2e_ms  slo_satisfaction  throughput_rps  goodput_rps  handover_events  handover_slo_satisfaction  migration_mb  migration_ms  mean_batch_size
mean   3171.8748   6555.0534            0.5700          0.4257       0.2426           1.3700                     0.5985           0.0           0.0           1.2916
std    1946.2589   4713.9847            0.2006          0.1127       0.1092           1.7846                     0.3912           0.0           0.0           0.3237
Saved outputs/full_mobility_policy_error/full_high_speed_keep_err30_r040_100.csv
Finished: 2026年 07月 29日 星期三 20:11:54 CST

------------------------------------------
Mode:             high_speed
Policy:           reactive
Prediction error: 0.0
Output:           outputs/full_mobility_policy_error/full_high_speed_reactive_err00_r040_100.csv
Started:          2026年 07月 29日 星期三 20:11:54 CST
------------------------------------------
Starting dynamic mobility test: method=full, mode=high_speed, policy=reactive, prediction_error=0.0, rate=0.4, episodes=100
episode=   1/100 elapsed=     2.5s slo=0.9167 handover=0.00
episode=  10/100 elapsed=    21.5s slo=0.6000 handover=0.40
episode=  20/100 elapsed=    42.8s slo=0.4750 handover=1.60
episode=  30/100 elapsed=    64.3s slo=0.4917 handover=3.20
episode=  40/100 elapsed=    84.5s slo=0.4833 handover=1.80
episode=  50/100 elapsed=   106.6s slo=0.6583 handover=0.70
episode=  60/100 elapsed=   125.2s slo=0.4667 handover=1.90
episode=  70/100 elapsed=   145.9s slo=0.5750 handover=1.10
episode=  80/100 elapsed=   170.4s slo=0.6250 handover=1.70
episode=  90/100 elapsed=   190.8s slo=0.5083 handover=1.60
episode= 100/100 elapsed=   215.4s slo=0.5417 handover=1.80
      avg_e2e_ms  p95_e2e_ms  slo_satisfaction  throughput_rps  goodput_rps  handover_events  handover_slo_satisfaction  migration_mb  migration_ms  mean_batch_size
mean   3983.0191   8590.3090            0.5425          0.4079       0.2246           1.5800                     0.5334      303.6042     3299.6628           1.3652
std    3240.2015   7575.5776            0.2189          0.1160       0.1178           2.3791                     0.4257      473.9856     5435.4582           0.4348
Saved outputs/full_mobility_policy_error/full_high_speed_reactive_err00_r040_100.csv
Finished: 2026年 07月 29日 星期三 20:15:37 CST

------------------------------------------
Mode:             high_speed
Policy:           reactive
Prediction error: 0.1
Output:           outputs/full_mobility_policy_error/full_high_speed_reactive_err10_r040_100.csv
Started:          2026年 07月 29日 星期三 20:15:37 CST
------------------------------------------
Starting dynamic mobility test: method=full, mode=high_speed, policy=reactive, prediction_error=0.1, rate=0.4, episodes=100
episode=   1/100 elapsed=     2.6s slo=0.9167 handover=0.00
episode=  10/100 elapsed=    21.5s slo=0.6000 handover=0.40
episode=  20/100 elapsed=    42.8s slo=0.4750 handover=1.30
episode=  30/100 elapsed=    64.4s slo=0.4917 handover=3.30
episode=  40/100 elapsed=    84.7s slo=0.4833 handover=1.90
episode=  50/100 elapsed=   106.9s slo=0.6500 handover=0.90
episode=  60/100 elapsed=   125.6s slo=0.4417 handover=2.20
episode=  70/100 elapsed=   146.5s slo=0.5750 handover=1.20
episode=  80/100 elapsed=   171.0s slo=0.6250 handover=1.60
episode=  90/100 elapsed=   191.1s slo=0.5000 handover=1.80
episode= 100/100 elapsed=   215.5s slo=0.5417 handover=1.80
      avg_e2e_ms  p95_e2e_ms  slo_satisfaction  throughput_rps  goodput_rps  handover_events  handover_slo_satisfaction  migration_mb  migration_ms  mean_batch_size
mean   4016.2856   8635.1492            0.5383          0.4072       0.2221           1.6400                     0.5077      309.3054     3373.7621           1.3692
std    3272.8498   7617.1702            0.2220          0.1147       0.1184           2.3933                     0.4168      476.8562     5628.7084           0.4425
Saved outputs/full_mobility_policy_error/full_high_speed_reactive_err10_r040_100.csv
Finished: 2026年 07月 29日 星期三 20:19:21 CST

------------------------------------------
Mode:             high_speed
Policy:           reactive
Prediction error: 0.2
Output:           outputs/full_mobility_policy_error/full_high_speed_reactive_err20_r040_100.csv
Started:          2026年 07月 29日 星期三 20:19:21 CST
------------------------------------------
Starting dynamic mobility test: method=full, mode=high_speed, policy=reactive, prediction_error=0.2, rate=0.4, episodes=100
episode=   1/100 elapsed=     2.5s slo=0.9167 handover=0.00
episode=  10/100 elapsed=    21.3s slo=0.6000 handover=0.40
episode=  20/100 elapsed=    42.3s slo=0.4750 handover=1.30
episode=  30/100 elapsed=    63.8s slo=0.4917 handover=2.40
episode=  40/100 elapsed=    84.1s slo=0.4833 handover=1.90
episode=  50/100 elapsed=   106.2s slo=0.6500 handover=0.70
episode=  60/100 elapsed=   124.8s slo=0.4417 handover=2.30
episode=  70/100 elapsed=   145.8s slo=0.5917 handover=0.90
episode=  80/100 elapsed=   169.9s slo=0.6250 handover=1.90
episode=  90/100 elapsed=   189.8s slo=0.5000 handover=1.80
episode= 100/100 elapsed=   214.3s slo=0.5417 handover=1.60
      avg_e2e_ms  p95_e2e_ms  slo_satisfaction  throughput_rps  goodput_rps  handover_events  handover_slo_satisfaction  migration_mb  migration_ms  mean_batch_size
mean   3983.0686   8406.7442            0.5400          0.4079       0.2232           1.5200                     0.5337      290.9288     3143.7171           1.3695
std    3181.9320   7064.9108            0.2221          0.1142       0.1181           2.1343                     0.4254      454.4099     5144.9625           0.4542
Saved outputs/full_mobility_policy_error/full_high_speed_reactive_err20_r040_100.csv
Finished: 2026年 07月 29日 星期三 20:23:05 CST

------------------------------------------
Mode:             high_speed
Policy:           reactive
Prediction error: 0.3
Output:           outputs/full_mobility_policy_error/full_high_speed_reactive_err30_r040_100.csv
Started:          2026年 07月 29日 星期三 20:23:05 CST
------------------------------------------
Starting dynamic mobility test: method=full, mode=high_speed, policy=reactive, prediction_error=0.3, rate=0.4, episodes=100
episode=   1/100 elapsed=     2.5s slo=0.9167 handover=0.00
episode=  10/100 elapsed=    21.3s slo=0.5833 handover=0.60
episode=  20/100 elapsed=    42.5s slo=0.4750 handover=1.30
episode=  30/100 elapsed=    64.1s slo=0.4917 handover=2.10
episode=  40/100 elapsed=    84.2s slo=0.4750 handover=2.10
episode=  50/100 elapsed=   106.5s slo=0.6500 handover=0.70
episode=  60/100 elapsed=   125.2s slo=0.4417 handover=2.50
episode=  70/100 elapsed=   146.5s slo=0.6000 handover=0.80
episode=  80/100 elapsed=   170.8s slo=0.6250 handover=1.80
episode=  90/100 elapsed=   190.8s slo=0.5000 handover=1.80
episode= 100/100 elapsed=   215.3s slo=0.5417 handover=1.90
      avg_e2e_ms  p95_e2e_ms  slo_satisfaction  throughput_rps  goodput_rps  handover_events  handover_slo_satisfaction  migration_mb  migration_ms  mean_batch_size
mean   3996.8582   8532.8115            0.5383          0.4076       0.2228           1.5600                     0.5255      302.6330     3325.0157           1.3737
std    3218.3143   7186.6982            0.2182          0.1141       0.1175           2.1383                     0.4178      458.3719     5329.0527           0.4569
Saved outputs/full_mobility_policy_error/full_high_speed_reactive_err30_r040_100.csv
Finished: 2026年 07月 29日 星期三 20:26:48 CST

------------------------------------------
Mode:             high_speed
Policy:           prefetch
Prediction error: 0.0
Output:           outputs/full_mobility_policy_error/full_high_speed_prefetch_err00_r040_100.csv
Started:          2026年 07月 29日 星期三 20:26:48 CST
------------------------------------------
Starting dynamic mobility test: method=full, mode=high_speed, policy=prefetch, prediction_error=0.0, rate=0.4, episodes=100
episode=   1/100 elapsed=     2.5s slo=0.9167 handover=0.00
episode=  10/100 elapsed=    21.4s slo=0.6250 handover=0.40
episode=  20/100 elapsed=    42.6s slo=0.5167 handover=1.30
episode=  30/100 elapsed=    64.3s slo=0.5083 handover=2.40
episode=  40/100 elapsed=    85.2s slo=0.5083 handover=1.70
episode=  50/100 elapsed=   107.7s slo=0.6667 handover=0.50
episode=  60/100 elapsed=   126.6s slo=0.5000 handover=1.50
episode=  70/100 elapsed=   147.9s slo=0.6083 handover=1.30
episode=  80/100 elapsed=   170.2s slo=0.6500 handover=1.10
episode=  90/100 elapsed=   190.5s slo=0.5250 handover=1.60
episode= 100/100 elapsed=   215.4s slo=0.5667 handover=1.40
      avg_e2e_ms  p95_e2e_ms  slo_satisfaction  throughput_rps  goodput_rps  handover_events  handover_slo_satisfaction  migration_mb  migration_ms  mean_batch_size
mean   3255.6134   6781.1844            0.5675          0.4223       0.2404           1.3200                     0.5987      261.9356      493.8833           1.3076
std    2059.9179   4939.1960            0.2040          0.1130       0.1111           1.8361                     0.3917      383.6049     1426.6427           0.3524
Saved outputs/full_mobility_policy_error/full_high_speed_prefetch_err00_r040_100.csv
Finished: 2026年 07月 29日 星期三 20:30:32 CST

------------------------------------------
Mode:             high_speed
Policy:           prefetch
Prediction error: 0.1
Output:           outputs/full_mobility_policy_error/full_high_speed_prefetch_err10_r040_100.csv
Started:          2026年 07月 29日 星期三 20:30:32 CST
------------------------------------------
Starting dynamic mobility test: method=full, mode=high_speed, policy=prefetch, prediction_error=0.1, rate=0.4, episodes=100
episode=   1/100 elapsed=     2.6s slo=0.9167 handover=0.00
episode=  10/100 elapsed=    21.8s slo=0.6250 handover=0.40
episode=  20/100 elapsed=    43.4s slo=0.4917 handover=1.50
episode=  30/100 elapsed=    65.5s slo=0.5083 handover=2.30
episode=  40/100 elapsed=    86.9s slo=0.5000 handover=1.80
episode=  50/100 elapsed=   109.9s slo=0.6667 handover=0.60
episode=  60/100 elapsed=   129.3s slo=0.4750 handover=1.50
episode=  70/100 elapsed=   151.1s slo=0.6083 handover=1.30
episode=  80/100 elapsed=   173.8s slo=0.6500 handover=1.10
episode=  90/100 elapsed=   195.0s slo=0.5167 handover=1.70
episode= 100/100 elapsed=   218.8s slo=0.5667 handover=1.60
      avg_e2e_ms  p95_e2e_ms  slo_satisfaction  throughput_rps  goodput_rps  handover_events  handover_slo_satisfaction  migration_mb  migration_ms  mean_batch_size
mean   3341.6614   7008.4374            0.5608          0.4211       0.2364           1.3800                     0.5777      301.3057      717.5503           1.3144
std    2175.2912   5182.7467            0.2088          0.1132       0.1124           1.8898                     0.4025      420.4032     1568.3709           0.3668
Saved outputs/full_mobility_policy_error/full_high_speed_prefetch_err10_r040_100.csv
Finished: 2026年 07月 29日 星期三 20:34:20 CST

------------------------------------------
Mode:             high_speed
Policy:           prefetch
Prediction error: 0.2
Output:           outputs/full_mobility_policy_error/full_high_speed_prefetch_err20_r040_100.csv
Started:          2026年 07月 29日 星期三 20:34:20 CST
------------------------------------------
Starting dynamic mobility test: method=full, mode=high_speed, policy=prefetch, prediction_error=0.2, rate=0.4, episodes=100
episode=   1/100 elapsed=     2.5s slo=0.9167 handover=0.00
episode=  10/100 elapsed=    21.5s slo=0.6250 handover=0.50
episode=  20/100 elapsed=    42.8s slo=0.4917 handover=1.50
episode=  30/100 elapsed=    64.5s slo=0.5083 handover=2.10
episode=  40/100 elapsed=    85.4s slo=0.5000 handover=1.90
episode=  50/100 elapsed=   108.0s slo=0.6667 handover=0.70
episode=  60/100 elapsed=   127.1s slo=0.4750 handover=2.00
episode=  70/100 elapsed=   148.4s slo=0.6250 handover=0.90
episode=  80/100 elapsed=   170.8s slo=0.6500 handover=0.80
episode=  90/100 elapsed=   190.8s slo=0.5083 handover=1.80
episode= 100/100 elapsed=   215.8s slo=0.5667 handover=1.70
      avg_e2e_ms  p95_e2e_ms  slo_satisfaction  throughput_rps  goodput_rps  handover_events  handover_slo_satisfaction  migration_mb  migration_ms  mean_batch_size
mean   3429.3961   7213.6401            0.5617          0.4195       0.2367           1.3900                     0.5862      344.1457     1032.6425           1.3235
std    2365.8299   5531.8951            0.2077          0.1140       0.1125           2.0045                     0.4017      543.8875     2346.2657           0.3899
Saved outputs/full_mobility_policy_error/full_high_speed_prefetch_err20_r040_100.csv
Finished: 2026年 07月 29日 星期三 20:38:05 CST

------------------------------------------
Mode:             high_speed
Policy:           prefetch
Prediction error: 0.3
Output:           outputs/full_mobility_policy_error/full_high_speed_prefetch_err30_r040_100.csv
Started:          2026年 07月 29日 星期三 20:38:05 CST
------------------------------------------
Starting dynamic mobility test: method=full, mode=high_speed, policy=prefetch, prediction_error=0.3, rate=0.4, episodes=100
episode=   1/100 elapsed=     2.5s slo=0.9167 handover=0.00
episode=  10/100 elapsed=    21.2s slo=0.6083 handover=0.70
episode=  20/100 elapsed=    42.4s slo=0.4917 handover=1.50
episode=  30/100 elapsed=    63.9s slo=0.5000 handover=2.00
episode=  40/100 elapsed=    84.5s slo=0.4917 handover=2.00
episode=  50/100 elapsed=   107.7s slo=0.6667 handover=0.60
episode=  60/100 elapsed=   126.8s slo=0.4750 handover=1.90
episode=  70/100 elapsed=   147.8s slo=0.6167 handover=0.90
episode=  80/100 elapsed=   171.9s slo=0.6500 handover=0.80
episode=  90/100 elapsed=   191.9s slo=0.5083 handover=1.70
episode= 100/100 elapsed=   216.8s slo=0.5583 handover=1.70
      avg_e2e_ms  p95_e2e_ms  slo_satisfaction  throughput_rps  goodput_rps  handover_events  handover_slo_satisfaction  migration_mb  migration_ms  mean_batch_size
mean   3488.6113   7295.5123            0.5567          0.4188       0.2346           1.3800                     0.6129      373.8902     1260.1177           1.3326
std    2452.4948   5454.1816            0.2065          0.1131       0.1128           1.9735                     0.4214      564.0599     2780.8557           0.3950
Saved outputs/full_mobility_policy_error/full_high_speed_prefetch_err30_r040_100.csv
Finished: 2026年 07月 29日 星期三 20:41:50 CST

==========================================
All 24 settings completed
Finished: 2026年 07月 29日 星期三 20:41:50 CST
==========================================
