
==========================================
Method:    wo_mobility
Eval seed: 8101
Mode:      high_speed
Rate:      0.40
==========================================

==========================================
Method:    full
Eval seed: 8101
Mode:      high_speed
Rate:      0.40
==========================================

==========================================
Method:    full
Eval seed: 8102
Mode:      high_speed
Rate:      0.40
==========================================

==========================================
Method:    wo_mobility
Eval seed: 8102
Mode:      high_speed
Rate:      0.40
==========================================

==========================================
Method:    full
Eval seed: 8103
Mode:      high_speed
Rate:      0.40
==========================================

==========================================
Method:    wo_mobility
Eval seed: 8103
Mode:      high_speed
Rate:      0.40
==========================================

All mobility-ablation runs completed
