Created configs/paired_ablation_eval_r060/wo_dp_evalseed7001.yaml, seed=7001
Created configs/paired_ablation_eval_r060/full_evalseed7001.yaml, seed=7001
Created configs/paired_ablation_eval_r060/full_evalseed7002.yaml, seed=7002
Created configs/paired_ablation_eval_r060/wo_mobility_evalseed7001.yaml, seed=7001


==================================================
==================================================
Method:          full
Method:          wo_dp
Evaluation seed: 7001
Evaluation seed: 7001
Episodes:        10
Episodes:        10
Output:          outputs/paired_ablation_r060_30/full_evalseed7001_n10.csv
Output:          outputs/paired_ablation_r060_30/wo_dp_evalseed7001_n10.csv

==================================================
Method:          wo_mobility
Evaluation seed: 7001
Episodes:        10
Output:          outputs/paired_ablation_r060_30/wo_mobility_evalseed7001_n10.csv

==================================================
Method:          full
Evaluation seed: 7002
Episodes:        10
Output:          outputs/paired_ablation_r060_30/full_evalseed7002_n10.csv
Start:           2026年 07月 31日 星期五 15:49:23 CST
Start:           2026年 07月 31日 星期五 15:49:23 CST
==================================================
==================================================
Start:           2026年 07月 31日 星期五 15:49:23 CST
==================================================
Start:           2026年 07月 31日 星期五 15:49:23 CST
==================================================
Finished: method=wo_dp seed=7001 time=2026年 07月 31日 星期五 15:49:49 CST
Created configs/paired_ablation_eval_r060/wo_mobility_evalseed7002.yaml, seed=7002

==================================================
Method:          wo_mobility
Evaluation seed: 7002
Episodes:        10
Output:          outputs/paired_ablation_r060_30/wo_mobility_evalseed7002_n10.csv
Start:           2026年 07月 31日 星期五 15:49:49 CST
==================================================
Finished: method=wo_mobility seed=7001 time=2026年 07月 31日 星期五 15:49:50 CST
Finished: method=full seed=7001 time=2026年 07月 31日 星期五 15:49:51 CST
Finished: method=full seed=7002 time=2026年 07月 31日 星期五 15:49:51 CST
Created configs/paired_ablation_eval_r060/wo_dp_evalseed7002.yaml, seed=7002

==================================================
Method:          wo_dp
Evaluation seed: 7002
Episodes:        10
Output:          outputs/paired_ablation_r060_30/wo_dp_evalseed7002_n10.csv
Start:           2026年 07月 31日 星期五 15:49:51 CST
==================================================
Created configs/paired_ablation_eval_r060/full_evalseed7003.yaml, seed=7003

==================================================
Method:          full
Evaluation seed: 7003
Episodes:        10
Output:          outputs/paired_ablation_r060_30/full_evalseed7003_n10.csv
Start:           2026年 07月 31日 星期五 15:49:51 CST
==================================================
Created configs/paired_ablation_eval_r060/wo_mobility_evalseed7003.yaml, seed=7003

==================================================
Method:          wo_mobility
Evaluation seed: 7003
Episodes:        10
Output:          outputs/paired_ablation_r060_30/wo_mobility_evalseed7003_n10.csv
Start:           2026年 07月 31日 星期五 15:49:51 CST
==================================================
Finished: method=wo_mobility seed=7002 time=2026年 07月 31日 星期五 15:50:16 CST
Created configs/paired_ablation_eval_r060/wo_dp_evalseed7003.yaml, seed=7003

==================================================
Method:          wo_dp
Evaluation seed: 7003
Episodes:        10
Output:          outputs/paired_ablation_r060_30/wo_dp_evalseed7003_n10.csv
Start:           2026年 07月 31日 星期五 15:50:16 CST
==================================================
Finished: method=wo_dp seed=7002 time=2026年 07月 31日 星期五 15:50:16 CST
Finished: method=wo_mobility seed=7003 time=2026年 07月 31日 星期五 15:50:17 CST
Finished: method=full seed=7003 time=2026年 07月 31日 星期五 15:50:18 CST
Finished: method=wo_dp seed=7003 time=2026年 07月 31日 星期五 15:50:43 CST

All paired ablation runs completed
