Created configs/paired_ablation_eval/wo_dp_evalseed7001.yaml, seed=7001
Created configs/paired_ablation_eval/full_evalseed7002.yaml, seed=7002
Created configs/paired_ablation_eval/full_evalseed7001.yaml, seed=7001
Created configs/paired_ablation_eval/wo_mobility_evalseed7001.yaml, seed=7001

==================================================
Method:          wo_dp
Evaluation seed: 7001
Episodes:        10
Output:          outputs/paired_ablation_r040_30/wo_dp_evalseed7001_n10.csv

==================================================

Method:          full
Evaluation seed: 7002
==================================================
Episodes:        10
Method:          full
Output:          outputs/paired_ablation_r040_30/full_evalseed7002_n10.csv
Evaluation seed: 7001
Episodes:        10
Output:          outputs/paired_ablation_r040_30/full_evalseed7001_n10.csv

==================================================
Method:          wo_mobility
Evaluation seed: 7001
Episodes:        10
Output:          outputs/paired_ablation_r040_30/wo_mobility_evalseed7001_n10.csv
Start:           2026年 07月 30日 星期四 18:56:41 CST
==================================================
Start:           2026年 07月 30日 星期四 18:56:41 CST
Start:           2026年 07月 30日 星期四 18:56:41 CST
==================================================
==================================================
Start:           2026年 07月 30日 星期四 18:56:41 CST
==================================================
Finished: method=wo_dp seed=7001 time=2026年 07月 30日 星期四 18:57:12 CST
Created configs/paired_ablation_eval/wo_mobility_evalseed7002.yaml, seed=7002

==================================================
Method:          wo_mobility
Evaluation seed: 7002
Episodes:        10
Output:          outputs/paired_ablation_r040_30/wo_mobility_evalseed7002_n10.csv
Start:           2026年 07月 30日 星期四 18:57:12 CST
==================================================
Finished: method=full seed=7001 time=2026年 07月 30日 星期四 18:57:12 CST
Created configs/paired_ablation_eval/wo_dp_evalseed7002.yaml, seed=7002

==================================================
Method:          wo_dp
Evaluation seed: 7002
Episodes:        10
Output:          outputs/paired_ablation_r040_30/wo_dp_evalseed7002_n10.csv
Start:           2026年 07月 30日 星期四 18:57:12 CST
==================================================
Finished: method=wo_mobility seed=7001 time=2026年 07月 30日 星期四 18:57:13 CST
Created configs/paired_ablation_eval/full_evalseed7003.yaml, seed=7003

==================================================
Method:          full
Evaluation seed: 7003
Episodes:        10
Output:          outputs/paired_ablation_r040_30/full_evalseed7003_n10.csv
Start:           2026年 07月 30日 星期四 18:57:13 CST
==================================================
Finished: method=full seed=7002 time=2026年 07月 30日 星期四 18:57:18 CST
Created configs/paired_ablation_eval/wo_mobility_evalseed7003.yaml, seed=7003

==================================================
Method:          wo_mobility
Evaluation seed: 7003
Episodes:        10
Output:          outputs/paired_ablation_r040_30/wo_mobility_evalseed7003_n10.csv
Start:           2026年 07月 30日 星期四 18:57:18 CST
==================================================
Finished: method=wo_dp seed=7002 time=2026年 07月 30日 星期四 18:57:39 CST
Created configs/paired_ablation_eval/wo_dp_evalseed7003.yaml, seed=7003

==================================================
Method:          wo_dp
Evaluation seed: 7003
Episodes:        10
Output:          outputs/paired_ablation_r040_30/wo_dp_evalseed7003_n10.csv
Start:           2026年 07月 30日 星期四 18:57:39 CST
==================================================
Finished: method=wo_mobility seed=7002 time=2026年 07月 30日 星期四 18:57:41 CST
Finished: method=full seed=7003 time=2026年 07月 30日 星期四 18:57:41 CST
Finished: method=wo_mobility seed=7003 time=2026年 07月 30日 星期四 18:57:47 CST
Finished: method=wo_dp seed=7003 time=2026年 07月 30日 星期四 18:58:07 CST

All paired ablation runs completed
