Using request trace: data/processed/azure_2023_train_sample.csv rows=22,123
Starting online DDQN training: episodes=300 device=cpu arrival_rates=[0.1, 0.2, 0.4, 0.6] max_requests=12 warmup_steps=100 updates_per_episode=2 no_update=False
episode=    1/300 reward= -478.675 batch= 3.00 slo_sat= 0.000 goodput= 0.0000 loss=nan eps=0.999 replay=   45 elapsed=    0.2s eta=   55.0s
episode=   10/300 reward= -569.706 batch= 2.77 slo_sat= 0.017 goodput= 0.0010 loss=10.8344 eps=0.984 replay=  496 elapsed=    5.3s eta=  154.4s
episode=   20/300 reward= -438.061 batch= 3.22 slo_sat= 0.033 goodput= 0.0025 loss=8.3700 eps=0.971 replay=  907 elapsed=   10.7s eta=  149.7s
episode=   30/300 reward= -423.688 batch= 2.74 slo_sat= 0.058 goodput= 0.0066 loss=9.4874 eps=0.956 replay= 1400 elapsed=   16.0s eta=  144.3s
episode=   40/300 reward= -405.548 batch= 3.38 slo_sat= 0.033 goodput= 0.0035 loss=7.7967 eps=0.944 replay= 1753 elapsed=   21.3s eta=  138.3s
episode=   50/300 reward= -465.889 batch= 3.21 slo_sat= 0.042 goodput= 0.0036 loss=9.1947 eps=0.932 replay= 2140 elapsed=   26.8s eta=  134.1s
episode=   60/300 reward= -431.880 batch= 3.53 slo_sat= 0.008 goodput= 0.0008 loss=9.0033 eps=0.920 replay= 2528 elapsed=   32.3s eta=  129.4s
episode=   70/300 reward= -493.406 batch= 2.82 slo_sat= 0.033 goodput= 0.0046 loss=11.6873 eps=0.904 replay= 3023 elapsed=   37.9s eta=  124.7s
episode=   80/300 reward= -467.452 batch= 2.76 slo_sat= 0.042 goodput= 0.0043 loss=8.5623 eps=0.889 replay= 3501 elapsed=   43.7s eta=  120.2s
episode=   90/300 reward= -503.743 batch= 3.01 slo_sat= 0.033 goodput= 0.0027 loss=14.8182 eps=0.874 replay= 3977 elapsed=   49.8s eta=  116.3s
episode=  100/300 reward= -558.248 batch= 3.08 slo_sat= 0.017 goodput= 0.0018 loss=5.1242 eps=0.861 replay= 4397 elapsed=   55.4s eta=  110.8s
episode=  110/300 reward= -449.407 batch= 3.18 slo_sat= 0.017 goodput= 0.0016 loss=9.1516 eps=0.848 replay= 4800 elapsed=   61.0s eta=  105.4s
episode=  120/300 reward= -457.514 batch= 3.02 slo_sat= 0.025 goodput= 0.0024 loss=7.8765 eps=0.834 replay= 5229 elapsed=   66.7s eta=  100.0s
episode=  130/300 reward= -516.171 batch= 3.41 slo_sat= 0.017 goodput= 0.0012 loss=9.7331 eps=0.822 replay= 5611 elapsed=   72.2s eta=   94.4s
episode=  140/300 reward= -493.407 batch= 3.18 slo_sat= 0.008 goodput= 0.0006 loss=9.7419 eps=0.809 replay= 6043 elapsed=   78.1s eta=   89.2s
episode=  150/300 reward= -513.350 batch= 3.04 slo_sat= 0.025 goodput= 0.0022 loss=9.4453 eps=0.795 replay= 6480 elapsed=   83.8s eta=   83.8s
episode=  160/300 reward= -470.933 batch= 3.47 slo_sat= 0.000 goodput= 0.0000 loss=9.1777 eps=0.782 replay= 6884 elapsed=   89.6s eta=   78.4s
episode=  170/300 reward= -427.223 batch= 3.14 slo_sat= 0.017 goodput= 0.0016 loss=10.2883 eps=0.768 replay= 7325 elapsed=   95.3s eta=   72.9s
episode=  180/300 reward= -510.097 batch= 2.88 slo_sat= 0.008 goodput= 0.0005 loss=12.7797 eps=0.752 replay= 7841 elapsed=  101.7s eta=   67.8s
episode=  190/300 reward= -469.440 batch= 3.22 slo_sat= 0.008 goodput= 0.0011 loss=8.7445 eps=0.738 replay= 8266 elapsed=  107.5s eta=   62.2s
episode=  200/300 reward= -487.598 batch= 3.22 slo_sat= 0.008 goodput= 0.0006 loss=10.5758 eps=0.724 replay= 8729 elapsed=  113.6s eta=   56.8s
episode=  210/300 reward= -481.763 batch= 2.65 slo_sat= 0.033 goodput= 0.0035 loss=11.0365 eps=0.707 replay= 9247 elapsed=  119.9s eta=   51.4s
episode=  220/300 reward= -510.886 batch= 3.03 slo_sat= 0.025 goodput= 0.0022 loss=8.5909 eps=0.690 replay= 9785 elapsed=  126.5s eta=   46.0s
episode=  230/300 reward= -445.915 batch= 3.08 slo_sat= 0.033 goodput= 0.0021 loss=10.6696 eps=0.672 replay=10349 elapsed=  133.1s eta=   40.5s
episode=  240/300 reward= -554.769 batch= 2.92 slo_sat= 0.008 goodput= 0.0006 loss=11.2012 eps=0.656 replay=10870 elapsed=  139.6s eta=   34.9s
episode=  250/300 reward= -518.971 batch= 3.68 slo_sat= 0.008 goodput= 0.0008 loss=11.0133 eps=0.643 replay=11273 elapsed=  145.8s eta=   29.2s
episode=  260/300 reward= -539.453 batch= 3.55 slo_sat= 0.017 goodput= 0.0011 loss=9.7281 eps=0.628 replay=11732 elapsed=  152.3s eta=   23.4s
episode=  270/300 reward= -506.923 batch= 3.54 slo_sat= 0.008 goodput= 0.0013 loss=11.0036 eps=0.615 replay=12151 elapsed=  158.3s eta=   17.6s
episode=  280/300 reward= -534.081 batch= 3.34 slo_sat= 0.017 goodput= 0.0015 loss=9.9698 eps=0.601 replay=12612 elapsed=  164.9s eta=   11.8s
episode=  290/300 reward= -637.003 batch= 2.95 slo_sat= 0.008 goodput= 0.0004 loss=10.4084 eps=0.582 replay=13188 elapsed=  171.8s eta=    5.9s
episode=  300/300 reward= -587.905 batch= 3.57 slo_sat= 0.008 goodput= 0.0007 loss=9.2397 eps=0.567 replay=13682 elapsed=  178.5s eta=    0.0s
Saved results to outputs/train_ablation_wo_dp_seed7
