Using request trace: data/processed/azure_2023_train_sample.csv rows=22,123
Starting online DDQN training: episodes=300 device=cpu arrival_rates=[0.1, 0.2, 0.4, 0.6] max_requests=12 warmup_steps=100 updates_per_episode=2 no_update=False
episode=    1/300 reward= -510.041 batch= 2.40 slo_sat= 0.000 goodput= 0.0000 loss=nan eps=0.998 replay=   52 elapsed=    1.8s eta=  542.1s
episode=   10/300 reward= -636.425 batch= 2.36 slo_sat= 0.017 goodput= 0.0012 loss=10.4214 eps=0.982 replay=  572 elapsed=   25.7s eta=  746.3s
episode=   20/300 reward= -505.422 batch= 2.38 slo_sat= 0.025 goodput= 0.0023 loss=9.3096 eps=0.965 replay= 1092 elapsed=   51.3s eta=  718.6s
episode=   30/300 reward= -476.710 batch= 2.29 slo_sat= 0.017 goodput= 0.0007 loss=8.6054 eps=0.947 replay= 1680 elapsed=   78.0s eta=  702.4s
episode=   40/300 reward= -459.468 batch= 2.98 slo_sat= 0.025 goodput= 0.0024 loss=7.1792 eps=0.933 replay= 2102 elapsed=  102.9s eta=  669.1s
episode=   50/300 reward= -455.970 batch= 2.82 slo_sat= 0.008 goodput= 0.0012 loss=8.9029 eps=0.920 replay= 2522 elapsed=  145.8s eta=  729.1s
episode=   60/300 reward= -443.278 batch= 2.88 slo_sat= 0.000 goodput= 0.0000 loss=11.2214 eps=0.906 replay= 2962 elapsed=  179.9s eta=  719.5s
episode=   70/300 reward= -538.868 batch= 2.14 slo_sat= 0.025 goodput= 0.0031 loss=9.9868 eps=0.887 replay= 3566 elapsed=  209.0s eta=  686.7s
episode=   80/300 reward= -461.088 batch= 2.69 slo_sat= 0.033 goodput= 0.0032 loss=8.9651 eps=0.871 replay= 4087 elapsed=  230.8s eta=  634.8s
episode=   90/300 reward= -557.665 batch= 2.66 slo_sat= 0.050 goodput= 0.0040 loss=12.7550 eps=0.854 replay= 4610 elapsed=  255.3s eta=  595.7s
episode=  100/300 reward= -498.410 batch= 2.60 slo_sat= 0.008 goodput= 0.0007 loss=7.7624 eps=0.838 replay= 5109 elapsed=  288.7s eta=  577.3s
episode=  110/300 reward= -488.167 batch= 2.91 slo_sat= 0.025 goodput= 0.0013 loss=6.8843 eps=0.823 replay= 5575 elapsed=  312.9s eta=  540.5s
episode=  120/300 reward= -589.041 batch= 2.60 slo_sat= 0.000 goodput= 0.0000 loss=7.3763 eps=0.807 replay= 6101 elapsed=  345.7s eta=  518.5s
episode=  130/300 reward= -589.967 batch= 2.93 slo_sat= 0.008 goodput= 0.0007 loss=10.3443 eps=0.791 replay= 6597 elapsed=  392.4s eta=  513.2s
episode=  140/300 reward= -487.081 batch= 2.56 slo_sat= 0.025 goodput= 0.0028 loss=7.7881 eps=0.775 replay= 7093 elapsed=  416.6s eta=  476.2s
episode=  150/300 reward= -513.356 batch= 2.95 slo_sat= 0.008 goodput= 0.0005 loss=8.6214 eps=0.760 replay= 7568 elapsed=  440.5s eta=  440.5s
episode=  160/300 reward= -573.206 batch= 2.69 slo_sat= 0.008 goodput= 0.0010 loss=6.7341 eps=0.744 replay= 8099 elapsed=  474.1s eta=  414.9s
episode=  170/300 reward= -525.203 batch= 2.49 slo_sat= 0.017 goodput= 0.0018 loss=7.7744 eps=0.725 replay= 8669 elapsed=  490.6s eta=  375.2s
episode=  180/300 reward= -591.918 batch= 2.56 slo_sat= 0.017 goodput= 0.0013 loss=7.2907 eps=0.705 replay= 9303 elapsed=  521.1s eta=  347.4s
episode=  190/300 reward= -512.363 batch= 2.76 slo_sat= 0.033 goodput= 0.0036 loss=12.4293 eps=0.690 replay= 9787 elapsed=  549.9s eta=  318.3s
episode=  200/300 reward= -604.706 batch= 2.78 slo_sat= 0.017 goodput= 0.0024 loss=9.8020 eps=0.672 replay=10360 elapsed=  590.0s eta=  295.0s
episode=  210/300 reward= -615.220 batch= 2.22 slo_sat= 0.025 goodput= 0.0022 loss=6.8110 eps=0.651 replay=11026 elapsed=  619.6s eta=  265.6s
episode=  220/300 reward= -597.478 batch= 2.52 slo_sat= 0.025 goodput= 0.0020 loss=9.4127 eps=0.631 replay=11649 elapsed=  663.3s eta=  241.2s
episode=  230/300 reward= -505.909 batch= 2.42 slo_sat= 0.017 goodput= 0.0019 loss=10.7098 eps=0.609 replay=12358 elapsed=  689.5s eta=  209.9s
episode=  240/300 reward= -619.706 batch= 2.41 slo_sat= 0.008 goodput= 0.0006 loss=8.5076 eps=0.587 replay=13027 elapsed=  736.4s eta=  184.1s
episode=  250/300 reward= -585.883 batch= 2.68 slo_sat= 0.008 goodput= 0.0006 loss=12.1077 eps=0.569 replay=13600 elapsed=  823.9s eta=  164.8s
episode=  260/300 reward= -521.620 batch= 2.67 slo_sat= 0.000 goodput= 0.0000 loss=12.1199 eps=0.550 replay=14215 elapsed=  863.4s eta=  132.8s
episode=  270/300 reward= -658.792 batch= 2.94 slo_sat= 0.025 goodput= 0.0018 loss=6.7742 eps=0.532 replay=14790 elapsed=  908.6s eta=  101.0s
episode=  280/300 reward= -523.440 batch= 2.74 slo_sat= 0.025 goodput= 0.0024 loss=7.7703 eps=0.512 replay=15404 elapsed=  959.9s eta=   68.6s
episode=  290/300 reward= -756.864 batch= 2.36 slo_sat= 0.008 goodput= 0.0005 loss=10.0107 eps=0.487 replay=16191 elapsed= 1004.0s eta=   34.6s
episode=  300/300 reward= -596.182 batch= 2.89 slo_sat= 0.008 goodput= 0.0011 loss=11.8139 eps=0.467 replay=16820 elapsed= 1061.9s eta=    0.0s
Saved results to outputs/train_ablation_wo_mobility_seed7
